Component: ARM Compiler 5.06 update 4 (build 422) Tool: armlink [4d35d2]

==============================================================================

Section Cross References

    main.o(.text) refers to stm32f4xx_usart.o(.text) for USART_SendData
    main.o(.text) refers to delay.o(.text) for delay_init
    main.o(.text) refers to usart.o(.text) for uart_init
    main.o(.text) refers to misc.o(.text) for NVIC_PriorityGroupConfig
    main.o(.text) refers to adc.o(.text) for MYGPIO_Init
    main.o(.text) refers to timer.o(.text) for TIM9_PWM_Init
    main.o(.text) refers to stm32f4xx_dma.o(.text) for DMA_ClearFlag
    main.o(.text) refers to arm_rfft_init_q15.o(.text) for arm_rfft_init_q15
    main.o(.text) refers to arm_rfft_q15.o(.text) for arm_rfft_q15
    main.o(.text) refers to arm_cmplx_mag_f32.o(.text) for arm_cmplx_mag_f32
    main.o(.text) refers to f2d.o(.text) for __aeabi_f2d
    main.o(.text) refers to dmul.o(.text) for __aeabi_dmul
    main.o(.text) refers to d2f.o(.text) for __aeabi_d2f
    main.o(.text) refers to cdrcmple.o(.text) for __aeabi_cdrcmple
    main.o(.text) refers to arm_rms_f32.o(.text) for arm_rms_f32
    main.o(.text) refers to printfa.o(i.__0printf) for __2printf
    main.o(.text) refers to stm32f4xx_tim.o(.text) for TIM_ITConfig
    main.o(.text) refers to timer.o(.data) for flag_2
    main.o(.text) refers to adc.o(.bss) for datapool_adc
    main.o(.text) refers to main.o(.bss) for datapool_adc1
    main.o(.text) refers to main.o(.data) for fre_sampling
    system_stm32f4xx.o(.text) refers to system_stm32f4xx.o(.data) for SystemCoreClock
    startup_stm32f40_41xxx.o(RESET) refers to startup_stm32f40_41xxx.o(STACK) for __initial_sp
    startup_stm32f40_41xxx.o(RESET) refers to startup_stm32f40_41xxx.o(.text) for Reset_Handler
    startup_stm32f40_41xxx.o(RESET) refers to stm32f4xx_it.o(.text) for NMI_Handler
    startup_stm32f40_41xxx.o(RESET) refers to usart.o(.text) for USART1_IRQHandler
    startup_stm32f40_41xxx.o(RESET) refers to timer.o(.text) for TIM5_IRQHandler
    startup_stm32f40_41xxx.o(.text) refers to system_stm32f4xx.o(.text) for SystemInit
    startup_stm32f40_41xxx.o(.text) refers to entry.o(.ARM.Collect$$$$00000000) for __main
    stm32f4xx_gpio.o(.text) refers to stm32f4xx_rcc.o(.text) for RCC_AHB1PeriphResetCmd
    stm32f4xx_usart.o(.text) refers to stm32f4xx_rcc.o(.text) for RCC_APB2PeriphResetCmd
    stm32f4xx_adc.o(.text) refers to stm32f4xx_rcc.o(.text) for RCC_APB2PeriphResetCmd
    stm32f4xx_tim.o(.text) refers to stm32f4xx_rcc.o(.text) for RCC_APB2PeriphResetCmd
    delay.o(.text) refers to misc.o(.text) for SysTick_CLKSourceConfig
    delay.o(.text) refers to delay.o(.data) for fac_us
    stm32f4xx_rcc.o(.text) refers to stm32f4xx_rcc.o(.data) for APBAHBPrescTable
    usart.o(.text) refers to stm32f4xx_rcc.o(.text) for RCC_AHB1PeriphClockCmd
    usart.o(.text) refers to stm32f4xx_gpio.o(.text) for GPIO_PinAFConfig
    usart.o(.text) refers to stm32f4xx_usart.o(.text) for USART_Init
    usart.o(.text) refers to misc.o(.text) for NVIC_Init
    usart.o(.text) refers to usart.o(.data) for USART_RX_STA
    usart.o(.text) refers to usart.o(.bss) for USART_RX_BUF
    adc.o(.text) refers to stm32f4xx_rcc.o(.text) for RCC_AHB1PeriphClockCmd
    adc.o(.text) refers to stm32f4xx_gpio.o(.text) for GPIO_Init
    adc.o(.text) refers to stm32f4xx_adc.o(.text) for ADC_DeInit
    adc.o(.text) refers to stm32f4xx_dma.o(.text) for DMA_Cmd
    adc.o(.text) refers to adc.o(.bss) for datapool_adc
    timer.o(.text) refers to stm32f4xx_rcc.o(.text) for RCC_APB1PeriphClockCmd
    timer.o(.text) refers to stm32f4xx_gpio.o(.text) for GPIO_Init
    timer.o(.text) refers to stm32f4xx_tim.o(.text) for TIM_TimeBaseInit
    timer.o(.text) refers to misc.o(.text) for NVIC_Init
    timer.o(.text) refers to dfltui.o(.text) for __aeabi_ui2d
    timer.o(.text) refers to dmul.o(.text) for __aeabi_dmul
    timer.o(.text) refers to ddiv.o(.text) for __aeabi_ddiv
    timer.o(.text) refers to d2f.o(.text) for __aeabi_d2f
    timer.o(.text) refers to adc.o(.text) for MYADC_Init
    timer.o(.text) refers to timer.o(.data) for value_3
    arm_rfft_init_q15.o(.text) refers to arm_rfft_init_q15.o(.constdata) for .constdata
    arm_rfft_init_q15.o(.text) refers to arm_const_structs.o(.constdata) for arm_cfft_sR_q15_len4096
    arm_rfft_init_q15.o(.text) refers to arm_const_structs.o(.constdata) for arm_cfft_sR_q15_len2048
    arm_rfft_init_q15.o(.text) refers to arm_const_structs.o(.constdata) for arm_cfft_sR_q15_len1024
    arm_rfft_init_q15.o(.text) refers to arm_const_structs.o(.constdata) for arm_cfft_sR_q15_len512
    arm_rfft_init_q15.o(.text) refers to arm_const_structs.o(.constdata) for arm_cfft_sR_q15_len256
    arm_rfft_init_q15.o(.text) refers to arm_const_structs.o(.constdata) for arm_cfft_sR_q15_len128
    arm_rfft_init_q15.o(.text) refers to arm_const_structs.o(.constdata) for arm_cfft_sR_q15_len64
[...]
    Removing arm_common_tables.o(.constdata), (4096 bytes).
    Removing arm_common_tables.o(.constdata), (8192 bytes).
    Removing arm_common_tables.o(.constdata), (16384 bytes).
    Removing arm_common_tables.o(.constdata), (32768 bytes).
    Removing arm_common_tables.o(.constdata), (96 bytes).
    Removing arm_common_tables.o(.constdata), (192 bytes).
    Removing arm_common_tables.o(.constdata), (384 bytes).
    Removing arm_common_tables.o(.constdata), (768 bytes).
    Removing arm_common_tables.o(.constdata), (1536 bytes).
    Removing arm_common_tables.o(.constdata), (3072 bytes).
    Removing arm_common_tables.o(.constdata), (6144 bytes).
    Removing arm_common_tables.o(.constdata), (12288 bytes).
    Removing arm_common_tables.o(.constdata), (24576 bytes).
    Removing arm_common_tables.o(.constdata), (128 bytes).
    Removing arm_common_tables.o(.constdata), (256 bytes).
    Removing arm_common_tables.o(.constdata), (40 bytes).
    Removing arm_common_tables.o(.constdata), (96 bytes).
    Removing arm_common_tables.o(.constdata), (112 bytes).
    Removing arm_common_tables.o(.constdata), (416 bytes).
    Removing arm_common_tables.o(.constdata), (880 bytes).
    Removing arm_common_tables.o(.constdata), (896 bytes).
    Removing arm_common_tables.o(.constdata), (3600 bytes).
    Removing arm_common_tables.o(.constdata), (7616 bytes).
    Removing arm_common_tables.o(.constdata), (8064 bytes).
    Removing arm_common_tables.o(.constdata), (128 bytes).
    Removing arm_common_tables.o(.constdata), (256 bytes).
    Removing arm_common_tables.o(.constdata), (512 bytes).
    Removing arm_common_tables.o(.constdata), (1024 bytes).
    Removing arm_common_tables.o(.constdata), (2048 bytes).
    Removing arm_common_tables.o(.constdata), (4096 bytes).
    Removing arm_common_tables.o(.constdata), (8192 bytes).
    Removing arm_common_tables.o(.constdata), (16384 bytes).
    Removing arm_common_tables.o(.constdata), (2052 bytes).
    Removing arm_common_tables.o(.constdata), (2052 bytes).
    Removing arm_common_tables.o(.constdata), (1026 bytes).
    Removing arm_bitreversal.o(.rev16_text), (4 bytes).
    Removing arm_bitreversal.o(.revsh_text), (4 bytes).
    Removing arm_bitreversal.o(.rrx_text), (6 bytes).

169 unused section(s) (total 244210 bytes) removed from the image.

==============================================================================

Image Symbol Table

    Local Symbols

    Symbol Name                              Value     Ov Type        Size  Object(Section)

    ../clib/microlib/division.c              0x00000000   Number         0  uldiv.o ABSOLUTE
    ../clib/microlib/division.c              0x00000000   Number         0  uidiv.o ABSOLUTE
    ../clib/microlib/init/entry.s            0x00000000   Number         0  entry11b.o ABSOLUTE
    ../clib/microlib/init/entry.s            0x00000000   Number         0  entry9a.o ABSOLUTE
    ../clib/microlib/init/entry.s            0x00000000   Number         0  entry9b.o ABSOLUTE
    ../clib/microlib/init/entry.s            0x00000000   Number         0  entry10a.o ABSOLUTE
    ../clib/microlib/init/entry.s            0x00000000   Number         0  entry10b.o ABSOLUTE
    ../clib/microlib/init/entry.s            0x00000000   Number         0  entry7b.o ABSOLUTE
    ../clib/microlib/init/entry.s            0x00000000   Number         0  entry.o ABSOLUTE
    ../clib/microlib/init/entry.s            0x00000000   Number         0  entry11a.o ABSOLUTE
    ../clib/microlib/init/entry.s            0x00000000   Number         0  entry8b.o ABSOLUTE
    ../clib/microlib/init/entry.s            0x00000000   Number         0  entry8a.o ABSOLUTE
    ../clib/microlib/init/entry.s            0x00000000   Number         0  entry7a.o ABSOLUTE
    ../clib/microlib/init/entry.s            0x00000000   Number         0  entry5.o ABSOLUTE
    ../clib/microlib/init/entry.s            0x00000000   Number         0  entry2.o ABSOLUTE
    ../clib/microlib/longlong.c              0x00000000   Number         0  llushr.o ABSOLUTE
    ../clib/microlib/longlong.c              0x00000000   Number         0  llshl.o ABSOLUTE
    ../clib/microlib/longlong.c              0x00000000   Number         0  llsshr.o ABSOLUTE
    ../clib/microlib/printf/printf.c         0x00000000   Number         0  printf3.o ABSOLUTE
    ../clib/microlib/printf/printf.c         0x00000000   Number         0  printf2.o ABSOLUTE
    ../clib/microlib/printf/printf.c         0x00000000   Number         0  printf0.o ABSOLUTE
    ../clib/microlib/printf/printf.c         0x00000000   Number         0  printfb.o ABSOLUTE
    ../clib/microlib/printf/printf.c         0x00000000   Number         0  printf5.o ABSOLUTE
    ../clib/microlib/printf/printf.c         0x00000000   Number         0  printfa.o ABSOLUTE
    ../clib/microlib/printf/printf.c         0x00000000   Number         0  printf1.o ABSOLUTE
    ../clib/microlib/printf/printf.c         0x00000000   Number         0  printf8.o ABSOLUTE
    ../clib/microlib/printf/printf.c         0x00000000   Number         0  printf7.o ABSOLUTE
    ../clib/microlib/printf/printf.c         0x00000000   Number         0  printf6.o ABSOLUTE
    ../clib/microlib/printf/printf.c         0x00000000   Number         0  printf4.o ABSOLUTE
    ../clib/microlib/printf/stubs.s          0x00000000   Number         0  stubs.o ABSOLUTE
    ../clib/microlib/stubs.s                 0x00000000   Number         0  iusefp.o ABSOLUTE
    ../clib/microlib/stubs.s                 0x00000000   Number         0  useno.o ABSOLUTE
    ../fplib/microlib/d2f.c                  0x00000000   Number         0  d2f.o ABSOLUTE
    ../fplib/microlib/f2d.c                  0x00000000   Number         0  f2d.o ABSOLUTE
    ../fplib/microlib/fpadd.c                0x00000000   Number         0  dadd.o ABSOLUTE
    ../fplib/microlib/fpdiv.c                0x00000000   Number         0  ddiv.o ABSOLUTE
    ../fplib/microlib/fpepilogue.c           0x00000000   Number         0  depilogue.o ABSOLUTE
    ../fplib/microlib/fpepilogue.c           0x00000000   Number         0  fepilogue.o ABSOLUTE
    ../fplib/microlib/fpfix.c                0x00000000   Number         0  dfixul.o ABSOLUTE
    ../fplib/microlib/fpflt.c                0x00000000   Number         0  dfltui.o ABSOLUTE
    ../fplib/microlib/fpmul.c                0x00000000   Number         0  dmul.o ABSOLUTE
    ..\..\Source\CommonTables\arm_common_tables.c 0x00000000   Number         0  arm_common_tables.o ABSOLUTE
    ..\..\Source\CommonTables\arm_const_structs.c 0x00000000   Number         0  arm_const_structs.o ABSOLUTE
    ..\..\Source\ComplexMathFunctions\arm_cmplx_mag_f32.c 0x00000000   Number         0  arm_cmplx_mag_f32.o ABSOLUTE
    ..\..\Source\StatisticsFunctions\arm_rms_f32.c 0x00000000   Number         0  arm_rms_f32.o ABSOLUTE
    ..\..\Source\TransformFunctions\arm_bitreversal.c 0x00000000   Number         0  arm_bitreversal.o ABSOLUTE
    ..\..\Source\TransformFunctions\arm_cfft_q15.c 0x00000000   Number         0  arm_cfft_q15.o ABSOLUTE
    ..\..\Source\TransformFunctions\arm_cfft_radix4_q15.c 0x00000000   Number         0  arm_cfft_radix4_q15.o ABSOLUTE
    ..\..\Source\TransformFunctions\arm_rfft_init_q15.c 0x00000000   Number         0  arm_rfft_init_q15.o ABSOLUTE
    ..\..\Source\TransformFunctions\arm_rfft_init_q31.c 0x00000000   Number         0  arm_rfft_init_q31.o ABSOLUTE
    ..\..\Source\TransformFunctions\arm_rfft_q15.c 0x00000000   Number         0  arm_rfft_q15.o ABSOLUTE
    ..\CORE\startup_stm32f40_41xxx.s         0x00000000   Number         0  startup_stm32f40_41xxx.o ABSOLUTE
    ..\FWLIB\src\misc.c                      0x00000000   Number         0  misc.o ABSOLUTE
    ..\FWLIB\src\stm32f4xx_adc.c             0x00000000   Number         0  stm32f4xx_adc.o ABSOLUTE
    ..\FWLIB\src\stm32f4xx_dma.c             0x00000000   Number         0  stm32f4xx_dma.o ABSOLUTE
    ..\FWLIB\src\stm32f4xx_exti.c            0x00000000   Number         0  stm32f4xx_exti.o ABSOLUTE
    ..\FWLIB\src\stm32f4xx_gpio.c            0x00000000   Number         0  stm32f4xx_gpio.o ABSOLUTE
    ..\FWLIB\src\stm32f4xx_rcc.c             0x00000000   Number         0  stm32f4xx_rcc.o ABSOLUTE
    ..\FWLIB\src\stm32f4xx_tim.c             0x00000000   Number         0  stm32f4xx_tim.o ABSOLUTE
    ..\FWLIB\src\stm32f4xx_usart.c           0x00000000   Number         0  stm32f4xx_usart.o ABSOLUTE
    ..\HARDWARE\ADC\adc.c                    0x00000000   Number         0  adc.o ABSOLUTE
    ..\HARDWARE\TIMER\timer.c                0x00000000   Number         0  timer.o ABSOLUTE
    ..\SYSTEM\delay\delay.c                  0x00000000   Number         0  delay.o ABSOLUTE
    ..\SYSTEM\sys\sys.c                      0x00000000   Number         0  sys.o ABSOLUTE
    ..\SYSTEM\usart\usart.c                  0x00000000   Number         0  usart.o ABSOLUTE
    ..\\..\\Source\\CommonTables\\arm_common_tables.c 0x00000000   Number         0  arm_common_tables.o ABSOLUTE
    ..\\..\\Source\\CommonTables\\arm_const_structs.c 0x00000000   Number         0  arm_const_structs.o ABSOLUTE
    ..\\..\\Source\\ComplexMathFunctions\\arm_cmplx_mag_f32.c 0x00000000   Number         0  arm_cmplx_mag_f32.o ABSOLUTE
    ..\\..\\Source\\StatisticsFunctions\\arm_rms_f32.c 0x00000000   Number         0  arm_rms_f32.o ABSOLUTE
    ..\\..\\Source\\TransformFunctions\\arm_bitreversal.c 0x00000000   Number         0  arm_bitreversal.o ABSOLUTE
    ..\\..\\Source\\TransformFunctions\\arm_bitreversal2.S 0x00000000   Number         0  arm_bitreversal2.o ABSOLUTE
    ..\\..\\Source\\TransformFunctions\\arm_cfft_q15.c 0x00000000   Number         0  arm_cfft_q15.o ABSOLUTE
    ..\\..\\Source\\TransformFunctions\\arm_cfft_radix4_q15.c 0x00000000   Number         0  arm_cfft_radix4_q15.o ABSOLUTE
    ..\\..\\Source\\TransformFunctions\\arm_rfft_init_q15.c 0x00000000   Number         0  arm_rfft_init_q15.o ABSOLUTE
    ..\\..\\Source\\TransformFunctions\\arm_rfft_init_q31.c 0x00000000   Number         0  arm_rfft_init_q31.o ABSOLUTE
    ..\\..\\Source\\TransformFunctions\\arm_rfft_q15.c 0x00000000   Number         0  arm_rfft_q15.o ABSOLUTE
    ..\\FWLIB\\src\\misc.c                   0x00000000   Number         0  misc.o ABSOLUTE
    ..\\FWLIB\\src\\stm32f4xx_adc.c          0x00000000   Number         0  stm32f4xx_adc.o ABSOLUTE
    ..\\FWLIB\\src\\stm32f4xx_dma.c          0x00000000   Number         0  stm32f4xx_dma.o ABSOLUTE
    ..\\FWLIB\\src\\stm32f4xx_exti.c         0x00000000   Number         0  stm32f4xx_exti.o ABSOLUTE
    ..\\FWLIB\\src\\stm32f4xx_gpio.c         0x00000000   Number         0  stm32f4xx_gpio.o ABSOLUTE
    ..\\FWLIB\\src\\stm32f4xx_rcc.c          0x00000000   Number         0  stm32f4xx_rcc.o ABSOLUTE
    ..\\FWLIB\\src\\stm32f4xx_tim.c          0x00000000   Number         0  stm32f4xx_tim.o ABSOLUTE
    ..\\FWLIB\\src\\stm32f4xx_usart.c        0x00000000   Number         0  stm32f4xx_usart.o ABSOLUTE
    ..\\HARDWARE\\ADC\\adc.c                 0x00000000   Number         0  adc.o ABSOLUTE
    ..\\HARDWARE\\TIMER\\timer.c             0x00000000   Number         0  timer.o ABSOLUTE
    ..\\SYSTEM\\delay\\delay.c               0x00000000   Number         0  delay.o ABSOLUTE
    ..\\SYSTEM\\sys\\sys.c                   0x00000000   Number         0  sys.o ABSOLUTE
    ..\\SYSTEM\\usart\\usart.c               0x00000000   Number         0  usart.o ABSOLUTE
    cdrcmple.s                               0x00000000   Number         0  cdrcmple.o ABSOLUTE
    dc.s                                     0x00000000   Number         0  dc.o ABSOLUTE
    handlers.s                               0x00000000   Number         0  handlers.o ABSOLUTE
    init.s                                   0x00000000   Number         0  init.o ABSOLUTE
    main.c                                   0x00000000   Number         0  main.o ABSOLUTE
    main.c                                   0x00000000   Number         0  main.o ABSOLUTE
    stm32f4xx_it.c                           0x00000000   Number         0  stm32f4xx_it.o ABSOLUTE
    stm32f4xx_it.c                           0x00000000   Number         0  stm32f4xx_it.o ABSOLUTE
    system_stm32f4xx.c                       0x00000000   Number         0  system_stm32f4xx.o ABSOLUTE
    system_stm32f4xx.c                       0x00000000   Number         0  system_stm32f4xx.o ABSOLUTE
    RESET                                    0x08000000   Section      392  startup_stm32f40_41xxx.o(RESET)
    . text                                   0x08000188   Section      192  arm_bitreversal2.o(. text)
    $v0                                      0x08000188   Number         0  arm_bitreversal2.o(. text)
    .ARM.Collect$$$$00000000                 0x08000248   Section        0  entry.o(.ARM.Collect$$$$00000000)
    .ARM.Collect$$$$00000001                 0x08000248   Section        4  entry2.o(.ARM.Collect$$$$00000001)
    .ARM.Collect$$$$00000004                 0x0800024c   Section        4  entry5.o(.ARM.Collect$$$$00000004)
    .ARM.Collect$$$$00000008                 0x08000250   Section        0  entry7b.o(.ARM.Collect$$$$00000008)
    .ARM.Collect$$$$0000000A                 0x08000250   Section        0  entry8b.o(.ARM.Collect$$$$0000000A)
    .ARM.Collect$$$$0000000B                 0x08000250   Section        8  entry9a.o(.ARM.Collect$$$$0000000B)
    .ARM.Collect$$$$0000000D                 0x08000258   Section        0  entry10a.o(.ARM.Collect$$$$0000000D)
    .ARM.Collect$$$$0000000F                 0x08000258   Section        0  entry11a.o(.ARM.Collect$$$$0000000F)
    .ARM.Collect$$$$00002712                 0x08000258   Section        4  entry2.o(.ARM.Collect$$$$00002712)
    __lit__00000000                          0x08000258   Data           4  entry2.o(.ARM.Collect$$$$00002712)
    .text                                    0x0800025c   Section        0  main.o(.text)
    .text                                    0x0800070c   Section        0  stm32f4xx_it.o(.text)
    .text                                    0x08000728   Section        0  system_stm32f4xx.o(.text)
    SetSysClock                              0x08000729   Thumb Code   220  system_stm32f4xx.o(.text)
    .text                                    0x08000938   Section       36  startup_stm32f40_41xxx.o(.text)
    $v0                                      0x08000938   Number         0  startup_stm32f40_41xxx.o(.text)
    .text                                    0x0800095c   Section        0  misc.o(.text)
    .text                                    0x08000a3c   Section        0  stm32f4xx_gpio.o(.text)
    .text                                    0x08000cd0   Section        0  stm32f4xx_usart.o(.text)
    .text                                    0x08001124   Section        0  stm32f4xx_adc.o(.text)
    .text                                    0x08001588   Section        0  stm32f4xx_dma.o(.text)
    .text                                    0x08001930   Section        0  stm32f4xx_tim.o(.text)
    TI4_Config                               0x080020cf   Thumb Code    80  stm32f4xx_tim.o(.text)
    TI3_Config                               0x08002131   Thumb Code    72  stm32f4xx_tim.o(.text)
    TI2_Config                               0x08002193   Thumb Code    90  stm32f4xx_tim.o(.text)
    TI1_Config                               0x080021ff   Thumb Code    58  stm32f4xx_tim.o(.text)
    .text                                    0x080025d4   Section        0  delay.o(.text)
    .text                                    0x080026d8   Section        0  stm32f4xx_rcc.o(.text)
    .text                                    0x08002d34   Section        0  usart.o(.text)
    .text                                    0x08002e7c   Section        0  adc.o(.text)
    .text                                    0x08002fa0   Section        0  timer.o(.text)
    .text                                    0x08003284   Section        0  arm_cmplx_mag_f32.o(.text)
    .text                                    0x08003380   Section        0  arm_rfft_init_q15.o(.text)
    .text                                    0x0800344c   Section        0  arm_rfft_q15.o(.text)
    .text                                    0x080036c8   Section        0  arm_rms_f32.o(.text)
    .text                                    0x080037b4   Section        0  arm_cfft_q15.o(.text)
    .text                                    0x08003afc   Section        0  arm_cfft_radix4_q15.o(.text)
    .text                                    0x08003fda   Section        0  arm_bitreversal.o(.text)
    .text                                    0x080041b0   Section        0  dmul.o(.text)
    .text                                    0x08004294   Section        0  ddiv.o(.text)
    .text                                    0x08004372   Section        0  dfltui.o(.text)
    .text                                    0x0800438c   Section        0  f2d.o(.text)
    .text                                    0x080043b4   Section       48  cdrcmple.o(.text)
    .text                                    0x080043e4   Section        0  d2f.o(.text)
    .text                                    0x0800441c   Section        0  uidiv.o(.text)
    .text                                    0x08004448   Section        0  uldiv.o(.text)
    .text                                    0x080044aa   Section        0  iusefp.o(.text)
    .text                                    0x080044aa   Section        0  fepilogue.o(.text)
    .text                                    0x08004518   Section        0  depilogue.o(.text)
    .text                                    0x080045d2   Section        0  dadd.o(.text)
    .text                                    0x08004720   Section        0  dfixul.o(.text)
    .text                                    0x08004750   Section       36  init.o(.text)
    .text                                    0x08004774   Section        0  llshl.o(.text)
    .text                                    0x08004792   Section        0  llushr.o(.text)
    .text                                    0x080047b2   Section        0  llsshr.o(.text)
    i.__0printf                              0x080047d8   Section        0  printfa.o(i.__0printf)
    i.__scatterload_copy                     0x080047f8   Section       14  handlers.o(i.__scatterload_copy)
    i.__scatterload_null                     0x08004806   Section        2  handlers.o(i.__scatterload_null)
    i.__scatterload_zeroinit                 0x08004808   Section       14  handlers.o(i.__scatterload_zeroinit)
    i._fp_digits                             0x08004818   Section        0  printfa.o(i._fp_digits)
    _fp_digits                               0x08004819   Thumb Code   366  printfa.o(i._fp_digits)
    i._printf_core                           0x0800499c   Section        0  printfa.o(i._printf_core)
    _printf_core                             0x0800499d   Thumb Code  1744  printfa.o(i._printf_core)
    i._printf_post_padding                   0x08005078   Section        0  printfa.o(i._printf_post_padding)
    _printf_post_padding                     0x08005079   Thumb Code    36  printfa.o(i._printf_post_padding)
    i._printf_pre_padding                    0x0800509c   Section        0  printfa.o(i._printf_pre_padding)
    _printf_pre_padding                      0x0800509d   Thumb Code    46  printfa.o(i._printf_pre_padding)
    .constdata                               0x080050ca   Section    32768  arm_rfft_init_q15.o(.constdata)
    .constdata                               0x0800d0cc   Section       16  arm_const_structs.o(.constdata)
    .constdata                               0x0800d0dc   Section       16  arm_const_structs.o(.constdata)
    .constdata                               0x0800d0ec   Section       16  arm_const_structs.o(.constdata)
    .constdata                               0x0800d0fc   Section       16  arm_const_structs.o(.constdata)
    .constdata                               0x0800d10c   Section       16  arm_const_structs.o(.constdata)
    .constdata                               0x0800d11c   Section       16  arm_const_structs.o(.constdata)
    .constdata                               0x0800d12c   Section       16  arm_const_structs.o(.constdata)
    .constdata                               0x0800d13c   Section       16  arm_const_structs.o(.constdata)
    .constdata                               0x0800d14c   Section       16  arm_const_structs.o(.constdata)
    .constdata                               0x0800d15c   Section       48  arm_common_tables.o(.constdata)
    .constdata                               0x0800d18c   Section       96  arm_common_tables.o(.constdata)
    .constdata                               0x0800d1ec   Section      192  arm_common_tables.o(.constdata)
    .constdata                               0x0800d2ac   Section      384  arm_common_tables.o(.constdata)
    .constdata                               0x0800d42c   Section      768  arm_common_tables.o(.constdata)
    .constdata                               0x0800d72c   Section     1536  arm_common_tables.o(.constdata)
    .constdata                               0x0800dd2c   Section     3072  arm_common_tables.o(.constdata)
    .constdata                               0x0800e92c   Section     6144  arm_common_tables.o(.constdata)
    .constdata                               0x0801012c   Section    12288  arm_common_tables.o(.constdata)
    .constdata                               0x0801312c   Section       24  arm_common_tables.o(.constdata)
    .constdata                               0x08013144   Section       48  arm_common_tables.o(.constdata)
    .constdata                               0x08013174   Section      112  arm_common_tables.o(.constdata)
    .constdata                               0x080131e4   Section      224  arm_common_tables.o(.constdata)
    .constdata                               0x080132c4   Section      480  arm_common_tables.o(.constdata)
    .constdata                               0x080134a4   Section      960  arm_common_tables.o(.constdata)
    .constdata                               0x08013864   Section     1984  arm_common_tables.o(.constdata)
    .constdata                               0x08014024   Section     3968  arm_common_tables.o(.constdata)
    .constdata                               0x08014fa4   Section     8064  arm_common_tables.o(.constdata)
    .data                                    0x20000000   Section       48  main.o(.data)
    .data                                    0x20000030   Section       20  system_stm32f4xx.o(.data)
    .data                                    0x20000044   Section        4  delay.o(.data)
    fac_us                                   0x20000044   Data           1  delay.o(.data)
    fac_ms                                   0x20000046   Data           2  delay.o(.data)
    .data                                    0x20000048   Section       16  stm32f4xx_rcc.o(.data)
    APBAHBPrescTable                         0x20000048   Data          16  stm32f4xx_rcc.o(.data)
    .data                                    0x20000058   Section        6  usart.o(.data)
    .data                                    0x20000060   Section       24  timer.o(.data)
    .bss                                     0x20000078   Section    36576  main.o(.bss)
    .bss                                     0x20008f58   Section      200  usart.o(.bss)
    .bss                                     0x20009020   Section     2048  adc.o(.bss)
    STACK                                    0x20009820   Section     1024  startup_stm32f40_41xxx.o(STACK)

    Global Symbols

    Symbol Name                              Value     Ov Type        Size  Object(Section)

    BuildAttributes$$THM_ISAv4$E$P$D$K$B$S$7EM$VFPi3$EXTD16$VFPS$VFMA$PE$A:L22UL41UL21$X:L11$S22US41US21$IEEE1$IW$USESV6$~STKCKD$USESV7$~SHL$OTIME$ROPI$IEEEX$EBA8$MICROLIB$REQ8$PRES8$EABIv2 0x00000000   Number         0  anon$$obj.o ABSOLUTE
    __ARM_use_no_argv                        0x00000000   Number         0  main.o ABSOLUTE
    __use_no_errno                           0x00000000   Number         0  useno.o ABSOLUTE
    __use_no_exception_handling              0x00000000   Number         0  useno.o ABSOLUTE
    __use_no_fp                              0x00000000   Number         0  useno.o ABSOLUTE
    __use_no_heap                            0x00000000   Number         0  useno.o ABSOLUTE
    __use_no_heap_region                     0x00000000   Number         0  useno.o ABSOLUTE
    __use_no_semihosting                     0x00000000   Number         0  useno.o ABSOLUTE
    __use_no_semihosting_swi                 0x00000000   Number         0  useno.o ABSOLUTE
    __use_no_signal_handling                 0x00000000   Number         0  useno.o ABSOLUTE
    _printf_a                                0x00000000   Number         0  stubs.o ABSOLUTE
    _printf_c                                0x00000000   Number         0  stubs.o ABSOLUTE
    _printf_charcount                        0x00000000   Number         0  stubs.o ABSOLUTE
    _printf_d                                0x00000000   Number         0  stubs.o ABSOLUTE
    _printf_e                                0x00000000   Number         0  stubs.o ABSOLUTE
    _printf_f                                0x00000000   Number         0  stubs.o ABSOLUTE
    _printf_flags                            0x00000000   Number         0  stubs.o ABSOLUTE
    _printf_fp_dec                           0x00000000   Number         0  stubs.o ABSOLUTE
    _printf_fp_hex                           0x00000000   Number         0  stubs.o ABSOLUTE
    _printf_g                                0x00000000   Number         0  stubs.o ABSOLUTE
    _printf_i                                0x00000000   Number         0  stubs.o ABSOLUTE
    _printf_int_dec                          0x00000000   Number         0  stubs.o ABSOLUTE
    _printf_l                                0x00000000   Number         0  stubs.o ABSOLUTE
    _printf_lc                               0x00000000   Number         0  stubs.o ABSOLUTE
    _printf_ll                               0x00000000   Number         0  stubs.o ABSOLUTE
    _printf_lld                              0x00000000   Number         0  stubs.o ABSOLUTE
    _printf_lli                              0x00000000   Number         0  stubs.o ABSOLUTE
    _printf_llo                              0x00000000   Number         0  stubs.o ABSOLUTE
    _printf_llu                              0x00000000   Number         0  stubs.o ABSOLUTE
    _printf_llx                              0x00000000   Number         0  stubs.o ABSOLUTE
    _printf_longlong_dec                     0x00000000   Number         0  stubs.o ABSOLUTE
    _printf_longlong_hex                     0x00000000   Number         0  stubs.o ABSOLUTE
    _printf_longlong_oct                     0x00000000   Number         0  stubs.o ABSOLUTE
    _printf_ls                               0x00000000   Number         0  stubs.o ABSOLUTE
    _printf_mbtowc                           0x00000000   Number         0  stubs.o ABSOLUTE
    _printf_n                                0x00000000   Number         0  stubs.o ABSOLUTE
    _printf_o                                0x00000000   Number         0  stubs.o ABSOLUTE
    _printf_p                                0x00000000   Number         0  stubs.o ABSOLUTE
    _printf_percent                          0x00000000   Number         0  stubs.o ABSOLUTE
    _printf_pre_padding                      0x00000000   Number         0  stubs.o ABSOLUTE
    _printf_return_value                     0x00000000   Number         0  stubs.o ABSOLUTE
    _printf_s                                0x00000000   Number         0  stubs.o ABSOLUTE
    _printf_sizespec                         0x00000000   Number         0  stubs.o ABSOLUTE
    _printf_str                              0x00000000   Number         0  stubs.o ABSOLUTE
    _printf_truncate_signed                  0x00000000   Number         0  stubs.o ABSOLUTE
    _printf_truncate_unsigned                0x00000000   Number         0  stubs.o ABSOLUTE
    _printf_u                                0x00000000   Number         0  stubs.o ABSOLUTE
    _printf_wc                               0x00000000   Number         0  stubs.o ABSOLUTE
    _printf_wctomb                           0x00000000   Number         0  stubs.o ABSOLUTE
    _printf_widthprec                        0x00000000   Number         0  stubs.o ABSOLUTE
    _printf_x                                0x00000000   Number         0  stubs.o ABSOLUTE
    __cpp_initialize__aeabi_                  - Undefined Weak Reference
    __cxa_finalize                            - Undefined Weak Reference
    __decompress                              - Undefined Weak Reference
    _clock_init                               - Undefined Weak Reference
    _microlib_exit                            - Undefined Weak Reference
    __Vectors_Size                           0x00000188   Number         0  startup_stm32f40_41xxx.o ABSOLUTE
    __Vectors                                0x08000000   Data           4  startup_stm32f40_41xxx.o(RESET)
    __Vectors_End                            0x08000188   Data           0  startup_stm32f40_41xxx.o(RESET)
    arm_bitreversal_32                       0x08000189   Thumb Code   106  arm_bitreversal2.o(. text)
    arm_bitreversal_16                       0x080001f3   Thumb Code    86  arm_bitreversal2.o(. text)
    __main                                   0x08000249   Thumb Code     0  entry.o(.ARM.Collect$$$$00000000)
    _main_stk                                0x08000249   Thumb Code     0  entry2.o(.ARM.Collect$$$$00000001)
    _main_scatterload                        0x0800024d   Thumb Code     0  entry5.o(.ARM.Collect$$$$00000004)
    __main_after_scatterload                 0x08000251   Thumb Code     0  entry5.o(.ARM.Collect$$$$00000004)
    _main_clock                              0x08000251   Thumb Code     0  entry7b.o(.ARM.Collect$$$$00000008)
    _main_cpp_init                           0x08000251   Thumb Code     0  entry8b.o(.ARM.Collect$$$$0000000A)
    _main_init                               0x08000251   Thumb Code     0  entry9a.o(.ARM.Collect$$$$0000000B)
    __rt_final_cpp                           0x08000259   Thumb Code     0  entry10a.o(.ARM.Collect$$$$0000000D)
    __rt_final_exit                          0x08000259   Thumb Code     0  entry11a.o(.ARM.Collect$$$$0000000F)
    HMISendb                                 0x0800025d   Thumb Code    48  main.o(.text)
    HMISends                                 0x0800028d   Thumb Code    44  main.o(.text)
    main                                     0x080002b9   Thumb Code  1108  main.o(.text)
    NMI_Handler                              0x0800070d   Thumb Code     2  stm32f4xx_it.o(.text)
    HardFault_Handler                        0x0800070f   Thumb Code     4  stm32f4xx_it.o(.text)
    MemManage_Handler                        0x08000713   Thumb Code     4  stm32f4xx_it.o(.text)
    BusFault_Handler                         0x08000717   Thumb Code     4  stm32f4xx_it.o(.text)
    UsageFault_Handler                       0x0800071b   Thumb Code     4  stm32f4xx_it.o(.text)
    SVC_Handler                              0x0800071f   Thumb Code     2  stm32f4xx_it.o(.text)
    DebugMon_Handler                         0x08000721   Thumb Code     2  stm32f4xx_it.o(.text)
    PendSV_Handler                           0x08000723   Thumb Code     2  stm32f4xx_it.o(.text)
    SysTick_Handler                          0x08000725   Thumb Code     2  stm32f4xx_it.o(.text)
    SystemInit                               0x08000805   Thumb Code    88  system_stm32f4xx.o(.text)
    SystemCoreClockUpdate                    0x0800085d   Thumb Code   174  system_stm32f4xx.o(.text)
    Reset_Handler                            0x08000939   Thumb Code     8  startup_stm32f40_41xxx.o(.text)
    ADC_IRQHandler                           0x08000953   Thumb Code     0  startup_stm32f40_41xxx.o(.text)
    CAN1_RX0_IRQHandler                      0x08000953   Thumb Code     0  startup_stm32f40_41xxx.o(.text)
    CAN1_RX1_IRQHandler                      0x08000953   Thumb Code     0  startup_stm32f40_41xxx.o(.text)
    CAN1_SCE_IRQHandler                      0x08000953   Thumb Code     0  startup_stm32f40_41xxx.o(.text)
    CAN1_TX_IRQHandler                       0x08000953   Thumb Code     0  startup_stm32f40_41xxx.o(.text)
    CAN2_RX0_IRQHandler                      0x08000953   Thumb Code     0  startup_stm32f40_41xxx.o(.text)
    CAN2_RX1_IRQHandler                      0x08000953   Thumb Code     0  startup_stm32f40_41xxx.o(.text)
    CAN2_SCE_IRQHandler                      0x08000953   Thumb Code     0  startup_stm32f40_41xxx.o(.text)
    CAN2_TX_IRQHandler                       0x08000953   Thumb Code     0  startup_stm32f40_41xxx.o(.text)
    CRYP_IRQHandler                          0x08000953   Thumb Code     0  startup_stm32f40_41xxx.o(.text)
    DCMI_IRQHandler                          0x08000953   Thumb Code     0  startup_stm32f40_41xxx.o(.text)
    DMA1_Stream0_IRQHandler                  0x08000953   Thumb Code     0  startup_stm32f40_41xxx.o(.text)
    DMA1_Stream1_IRQHandler                  0x08000953   Thumb Code     0  startup_stm32f40_41xxx.o(.text)
    DMA1_Stream2_IRQHandler                  0x08000953   Thumb Code     0  startup_stm32f40_41xxx.o(.text)
    DMA1_Stream3_IRQHandler                  0x08000953   Thumb Code     0  startup_stm32f40_41xxx.o(.text)
    DMA1_Stream4_IRQHandler                  0x08000953   Thumb Code     0  startup_stm32f40_41xxx.o(.text)
    DMA1_Stream5_IRQHandler                  0x08000953   Thumb Code     0  startup_stm32f40_41xxx.o(.text)
    DMA1_Stream6_IRQHandler                  0x08000953   Thumb Code     0  startup_stm32f40_41xxx.o(.text)
    DMA1_Stream7_IRQHandler                  0x08000953   Thumb Code     0  startup_stm32f40_41xxx.o(.text)
    DMA2_Stream0_IRQHandler                  0x08000953   Thumb Code     0  startup_stm32f40_41xxx.o(.text)
    DMA2_Stream1_IRQHandler                  0x08000953   Thumb Code     0  startup_stm32f40_41xxx.o(.text)
    DMA2_Stream2_IRQHandler                  0x08000953   Thumb Code     0  startup_stm32f40_41xxx.o(.text)
    DMA2_Stream3_IRQHandler                  0x08000953   Thumb Code     0  startup_stm32f40_41xxx.o(.text)
    DMA2_Stream4_IRQHandler                  0x08000953   Thumb Code     0  startup_stm32f40_41xxx.o(.text)
    DMA2_Stream5_IRQHandler                  0x08000953   Thumb Code     0  startup_stm32f40_41xxx.o(.text)
    DMA2_Stream6_IRQHandler                  0x08000953   Thumb Code     0  startup_stm32f40_41xxx.o(.text)
    DMA2_Stream7_IRQHandler                  0x08000953   Thumb Code     0  startup_stm32f40_41xxx.o(.text)
    ETH_IRQHandler                           0x08000953   Thumb Code     0  startup_stm32f40_41xxx.o(.text)
    ETH_WKUP_IRQHandler                      0x08000953   Thumb Code     0  startup_stm32f40_41xxx.o(.text)
    EXTI0_IRQHandler                         0x08000953   Thumb Code     0  startup_stm32f40_41xxx.o(.text)
    EXTI15_10_IRQHandler                     0x08000953   Thumb Code     0  startup_stm32f40_41xxx.o(.text)
    EXTI1_IRQHandler                         0x08000953   Thumb Code     0  startup_stm32f40_41xxx.o(.text)
    EXTI2_IRQHandler                         0x08000953   Thumb Code     0  startup_stm32f40_41xxx.o(.text)
    EXTI3_IRQHandler                         0x08000953   Thumb Code     0  startup_stm32f40_41xxx.o(.text)
    EXTI4_IRQHandler                         0x08000953   Thumb Code     0  startup_stm32f40_41xxx.o(.text)
    EXTI9_5_IRQHandler                       0x08000953   Thumb Code     0  startup_stm32f40_41xxx.o(.text)
    FLASH_IRQHandler                         0x08000953   Thumb Code     0  startup_stm32f40_41xxx.o(.text)
    FPU_IRQHandler                           0x08000953   Thumb Code     0  startup_stm32f40_41xxx.o(.text)
    FSMC_IRQHandler                          0x08000953   Thumb Code     0  startup_stm32f40_41xxx.o(.text)
    HASH_RNG_IRQHandler                      0x08000953   Thumb Code     0  startup_stm32f40_41xxx.o(.text)
    I2C1_ER_IRQHandler                       0x08000953   Thumb Code     0  startup_stm32f40_41xxx.o(.text)
    I2C1_EV_IRQHandler                       0x08000953   Thumb Code     0  startup_stm32f40_41xxx.o(.text)
    I2C2_ER_IRQHandler                       0x08000953   Thumb Code     0  startup_stm32f40_41xxx.o(.text)
    I2C2_EV_IRQHandler                       0x08000953   Thumb Code     0  startup_stm32f40_41xxx.o(.text)
    I2C3_ER_IRQHandler                       0x08000953   Thumb Code     0  startup_stm32f40_41xxx.o(.text)
    I2C3_EV_IRQHandler                       0x08000953   Thumb Code     0  startup_stm32f40_41xxx.o(.text)
    OTG_FS_IRQHandler                        0x08000953   Thumb Code     0  startup_stm32f40_41xxx.o(.text)
    OTG_FS_WKUP_IRQHandler                   0x08000953   Thumb Code     0  startup_stm32f40_41xxx.o(.text)
    OTG_HS_EP1_IN_IRQHandler                 0x08000953   Thumb Code     0  startup_stm32f40_41xxx.o(.text)
    OTG_HS_EP1_OUT_IRQHandler                0x08000953   Thumb Code     0  startup_stm32f40_41xxx.o(.text)
    OTG_HS_IRQHandler                        0x08000953   Thumb Code     0  startup_stm32f40_41xxx.o(.text)
    OTG_HS_WKUP_IRQHandler                   0x08000953   Thumb Code     0  startup_stm32f40_41xxx.o(.text)
    PVD_IRQHandler                           0x08000953   Thumb Code     0  startup_stm32f40_41xxx.o(.text)
    RCC_IRQHandler                           0x08000953   Thumb Code     0  startup_stm32f40_41xxx.o(.text)
    RTC_Alarm_IRQHandler                     0x08000953   Thumb Code     0  startup_stm32f40_41xxx.o(.text)
    RTC_WKUP_IRQHandler                      0x08000953   Thumb Code     0  startup_stm32f40_41xxx.o(.text)
    SDIO_IRQHandler                          0x08000953   Thumb Code     0  startup_stm32f40_41xxx.o(.text)
    SPI1_IRQHandler                          0x08000953   Thumb Code     0  startup_stm32f40_41xxx.o(.text)
    SPI2_IRQHandler                          0x08000953   Thumb Code     0  startup_stm32f40_41xxx.o(.text)
    SPI3_IRQHandler                          0x08000953   Thumb Code     0  startup_stm32f40_41xxx.o(.text)
    TAMP_STAMP_IRQHandler                    0x08000953   Thumb Code     0  startup_stm32f40_41xxx.o(.text)
    TIM1_BRK_TIM9_IRQHandler                 0x08000953   Thumb Code     0  startup_stm32f40_41xxx.o(.text)
    TIM1_CC_IRQHandler                       0x08000953   Thumb Code     0  startup_stm32f40_41xxx.o(.text)
    TIM1_TRG_COM_TIM11_IRQHandler            0x08000953   Thumb Code     0  startup_stm32f40_41xxx.o(.text)
    TIM1_UP_TIM10_IRQHandler                 0x08000953   Thumb Code     0  startup_stm32f40_41xxx.o(.text)
    TIM2_IRQHandler                          0x08000953   Thumb Code     0  startup_stm32f40_41xxx.o(.text)
    TIM3_IRQHandler                          0x08000953   Thumb Code     0  startup_stm32f40_41xxx.o(.text)
    TIM4_IRQHandler                          0x08000953   Thumb Code     0  startup_stm32f40_41xxx.o(.text)
    TIM6_DAC_IRQHandler                      0x08000953   Thumb Code     0  startup_stm32f40_41xxx.o(.text)
    TIM7_IRQHandler                          0x08000953   Thumb Code     0  startup_stm32f40_41xxx.o(.text)
    TIM8_BRK_TIM12_IRQHandler                0x08000953   Thumb Code     0  startup_stm32f40_41xxx.o(.text)
    TIM8_CC_IRQHandler                       0x08000953   Thumb Code     0  startup_stm32f40_41xxx.o(.text)
    TIM8_TRG_COM_TIM14_IRQHandler            0x08000953   Thumb Code     0  startup_stm32f40_41xxx.o(.text)
    TIM8_UP_TIM13_IRQHandler                 0x08000953   Thumb Code     0  startup_stm32f40_41xxx.o(.text)
    UART4_IRQHandler                         0x08000953   Thumb Code     0  startup_stm32f40_41xxx.o(.text)
    UART5_IRQHandler                         0x08000953   Thumb Code     0  startup_stm32f40_41xxx.o(.text)
    USART2_IRQHandler                        0x08000953   Thumb Code     0  startup_stm32f40_41xxx.o(.text)
    USART3_IRQHandler                        0x08000953   Thumb Code     0  startup_stm32f40_41xxx.o(.text)
    USART6_IRQHandler                        0x08000953   Thumb Code     0  startup_stm32f40_41xxx.o(.text)
    WWDG_IRQHandler                          0x08000953   Thumb Code     0  startup_stm32f40_41xxx.o(.text)
    NVIC_PriorityGroupConfig                 0x0800095d   Thumb Code    10  misc.o(.text)
    NVIC_Init                                0x08000967   Thumb Code   106  misc.o(.text)
    NVIC_SetVectorTable                      0x080009d1   Thumb Code    14  misc.o(.text)
    NVIC_SystemLPConfig                      0x080009df   Thumb Code    34  misc.o(.text)
    SysTick_CLKSourceConfig                  0x08000a01   Thumb Code    40  misc.o(.text)
    GPIO_DeInit                              0x08000a3d   Thumb Code   268  stm32f4xx_gpio.o(.text)
    GPIO_Init                                0x08000b49   Thumb Code   144  stm32f4xx_gpio.o(.text)
    GPIO_StructInit                          0x08000bd9   Thumb Code    18  stm32f4xx_gpio.o(.text)
    GPIO_PinLockConfig                       0x08000beb   Thumb Code    34  stm32f4xx_gpio.o(.text)
    GPIO_ReadInputDataBit                    0x08000c0d   Thumb Code    18  stm32f4xx_gpio.o(.text)
    GPIO_ReadInputData                       0x08000c1f   Thumb Code     8  stm32f4xx_gpio.o(.text)
    GPIO_ReadOutputDataBit                   0x08000c27   Thumb Code    18  stm32f4xx_gpio.o(.text)
    GPIO_ReadOutputData                      0x08000c39   Thumb Code     8  stm32f4xx_gpio.o(.text)
    GPIO_SetBits                             0x08000c41   Thumb Code     4  stm32f4xx_gpio.o(.text)
    GPIO_ResetBits                           0x08000c45   Thumb Code     4  stm32f4xx_gpio.o(.text)
    GPIO_WriteBit                            0x08000c49   Thumb Code    10  stm32f4xx_gpio.o(.text)
    GPIO_Write                               0x08000c53   Thumb Code     4  stm32f4xx_gpio.o(.text)
    GPIO_ToggleBits                          0x08000c57   Thumb Code     8  stm32f4xx_gpio.o(.text)
    GPIO_PinAFConfig                         0x08000c5f   Thumb Code    70  stm32f4xx_gpio.o(.text)
    USART_DeInit                             0x08000cd1   Thumb Code   206  stm32f4xx_usart.o(.text)
    USART_Init                               0x08000d9f   Thumb Code   204  stm32f4xx_usart.o(.text)
    USART_StructInit                         0x08000e6b   Thumb Code    24  stm32f4xx_usart.o(.text)
    USART_ClockInit                          0x08000e83   Thumb Code    32  stm32f4xx_usart.o(.text)
    USART_ClockStructInit                    0x08000ea3   Thumb Code    12  stm32f4xx_usart.o(.text)
    USART_Cmd                                0x08000eaf   Thumb Code    24  stm32f4xx_usart.o(.text)
    USART_SetPrescaler                       0x08000ec7   Thumb Code    16  stm32f4xx_usart.o(.text)
    USART_OverSampling8Cmd                   0x08000ed7   Thumb Code    22  stm32f4xx_usart.o(.text)
    USART_OneBitMethodCmd                    0x08000eed   Thumb Code    24  stm32f4xx_usart.o(.text)
    USART_SendData                           0x08000f05   Thumb Code     8  stm32f4xx_usart.o(.text)
    USART_ReceiveData                        0x08000f0d   Thumb Code    10  stm32f4xx_usart.o(.text)
    USART_SetAddress                         0x08000f17   Thumb Code    18  stm32f4xx_usart.o(.text)
    USART_ReceiverWakeUpCmd                  0x08000f29   Thumb Code    24  stm32f4xx_usart.o(.text)
    USART_WakeUpConfig                       0x08000f41   Thumb Code    18  stm32f4xx_usart.o(.text)
    USART_LINBreakDetectLengthConfig         0x08000f53   Thumb Code    18  stm32f4xx_usart.o(.text)
    USART_LINCmd                             0x08000f65   Thumb Code    24  stm32f4xx_usart.o(.text)
    USART_SendBreak                          0x08000f7d   Thumb Code    10  stm32f4xx_usart.o(.text)
    USART_HalfDuplexCmd                      0x08000f87   Thumb Code    24  stm32f4xx_usart.o(.text)
    USART_SetGuardTime                       0x08000f9f   Thumb Code    16  stm32f4xx_usart.o(.text)
    USART_SmartCardCmd                       0x08000faf   Thumb Code    24  stm32f4xx_usart.o(.text)
    USART_SmartCardNACKCmd                   0x08000fc7   Thumb Code    24  stm32f4xx_usart.o(.text)
    USART_IrDAConfig                         0x08000fdf   Thumb Code    18  stm32f4xx_usart.o(.text)
    USART_IrDACmd                            0x08000ff1   Thumb Code    24  stm32f4xx_usart.o(.text)
    USART_DMACmd                             0x08001009   Thumb Code    18  stm32f4xx_usart.o(.text)
    USART_ITConfig                           0x0800101b   Thumb Code    74  stm32f4xx_usart.o(.text)
    USART_GetFlagStatus                      0x08001065   Thumb Code    26  stm32f4xx_usart.o(.text)
    USART_ClearFlag                          0x0800107f   Thumb Code    18  stm32f4xx_usart.o(.text)
    USART_GetITStatus                        0x08001091   Thumb Code   118  stm32f4xx_usart.o(.text)
    USART_ClearITPendingBit                  0x08001107   Thumb Code    30  stm32f4xx_usart.o(.text)
    ADC_DeInit                               0x08001125   Thumb Code    22  stm32f4xx_adc.o(.text)
    ADC_Init                                 0x0800113b   Thumb Code    74  stm32f4xx_adc.o(.text)
    ADC_StructInit                           0x08001185   Thumb Code    20  stm32f4xx_adc.o(.text)
    ADC_CommonInit                           0x08001199   Thumb Code    34  stm32f4xx_adc.o(.text)
    ADC_CommonStructInit                     0x080011bb   Thumb Code    12  stm32f4xx_adc.o(.text)
    ADC_Cmd                                  0x080011c7   Thumb Code    22  stm32f4xx_adc.o(.text)
    ADC_AnalogWatchdogCmd                    0x080011dd   Thumb Code    16  stm32f4xx_adc.o(.text)
    ADC_AnalogWatchdogThresholdsConfig       0x080011ed   Thumb Code     6  stm32f4xx_adc.o(.text)
    ADC_AnalogWatchdogSingleChannelConfig    0x080011f3   Thumb Code    16  stm32f4xx_adc.o(.text)
    ADC_TempSensorVrefintCmd                 0x08001203   Thumb Code    34  stm32f4xx_adc.o(.text)
    ADC_VBATCmd                              0x08001225   Thumb Code    34  stm32f4xx_adc.o(.text)
    ADC_RegularChannelConfig                 0x08001247   Thumb Code   184  stm32f4xx_adc.o(.text)
    ADC_SoftwareStartConv                    0x080012ff   Thumb Code    10  stm32f4xx_adc.o(.text)
    ADC_GetSoftwareStartConvStatus           0x08001309   Thumb Code    20  stm32f4xx_adc.o(.text)
    ADC_EOCOnEachRegularChannelCmd           0x0800131d   Thumb Code    22  stm32f4xx_adc.o(.text)
    ADC_ContinuousModeCmd                    0x08001333   Thumb Code    22  stm32f4xx_adc.o(.text)
    ADC_DiscModeChannelCountConfig           0x08001349   Thumb Code    24  stm32f4xx_adc.o(.text)
    ADC_DiscModeCmd                          0x08001361   Thumb Code    22  stm32f4xx_adc.o(.text)
    ADC_GetConversionValue                   0x08001377   Thumb Code     8  stm32f4xx_adc.o(.text)
    ADC_GetMultiModeConversionValue          0x0800137f   Thumb Code     8  stm32f4xx_adc.o(.text)
    ADC_DMACmd                               0x08001387   Thumb Code    22  stm32f4xx_adc.o(.text)
    ADC_DMARequestAfterLastTransferCmd       0x0800139d   Thumb Code    22  stm32f4xx_adc.o(.text)
    ADC_MultiModeDMARequestAfterLastTransferCmd 0x080013b3   Thumb Code    34  stm32f4xx_adc.o(.text)
    ADC_InjectedChannelConfig                0x080013d5   Thumb Code   130  stm32f4xx_adc.o(.text)
    ADC_InjectedSequencerLengthConfig        0x08001457   Thumb Code    24  stm32f4xx_adc.o(.text)
    ADC_SetInjectedOffset                    0x0800146f   Thumb Code    20  stm32f4xx_adc.o(.text)
    ADC_ExternalTrigInjectedConvConfig       0x08001483   Thumb Code    16  stm32f4xx_adc.o(.text)
    ADC_ExternalTrigInjectedConvEdgeConfig   0x08001493   Thumb Code    16  stm32f4xx_adc.o(.text)
    ADC_SoftwareStartInjectedConv            0x080014a3   Thumb Code    10  stm32f4xx_adc.o(.text)
    ADC_GetSoftwareStartInjectedConvCmdStatus 0x080014ad   Thumb Code    20  stm32f4xx_adc.o(.text)
    ADC_AutoInjectedConvCmd                  0x080014c1   Thumb Code    22  stm32f4xx_adc.o(.text)
    ADC_InjectedDiscModeCmd                  0x080014d7   Thumb Code    22  stm32f4xx_adc.o(.text)
    ADC_GetInjectedConversionValue           0x080014ed   Thumb Code    28  stm32f4xx_adc.o(.text)
    ADC_ITConfig                             0x08001509   Thumb Code    56  stm32f4xx_adc.o(.text)
    ADC_GetFlagStatus                        0x08001541   Thumb Code    18  stm32f4xx_adc.o(.text)
    ADC_ClearFlag                            0x08001553   Thumb Code     6  stm32f4xx_adc.o(.text)
    ADC_GetITStatus                          0x08001559   Thumb Code    38  stm32f4xx_adc.o(.text)
    ADC_ClearITPendingBit                    0x0800157f   Thumb Code    10  stm32f4xx_adc.o(.text)
    DMA_DeInit                               0x08001589   Thumb Code   324  stm32f4xx_dma.o(.text)
    DMA_Init                                 0x080016cd   Thumb Code    82  stm32f4xx_dma.o(.text)
    DMA_StructInit                           0x0800171f   Thumb Code    34  stm32f4xx_dma.o(.text)
    DMA_Cmd                                  0x08001741   Thumb Code    22  stm32f4xx_dma.o(.text)
    DMA_PeriphIncOffsetSizeConfig            0x08001757   Thumb Code    22  stm32f4xx_dma.o(.text)
    DMA_FlowControllerConfig                 0x0800176d   Thumb Code    22  stm32f4xx_dma.o(.text)
    DMA_SetCurrDataCounter                   0x08001783   Thumb Code     4  stm32f4xx_dma.o(.text)
    DMA_GetCurrDataCounter                   0x08001787   Thumb Code     8  stm32f4xx_dma.o(.text)
    DMA_DoubleBufferModeConfig               0x0800178f   Thumb Code    24  stm32f4xx_dma.o(.text)
    DMA_DoubleBufferModeCmd                  0x080017a7   Thumb Code    22  stm32f4xx_dma.o(.text)
    DMA_MemoryTargetConfig                   0x080017bd   Thumb Code    10  stm32f4xx_dma.o(.text)
    DMA_GetCurrentMemoryTarget               0x080017c7   Thumb Code    20  stm32f4xx_dma.o(.text)
    DMA_GetCmdStatus                         0x080017db   Thumb Code    20  stm32f4xx_dma.o(.text)
    DMA_GetFIFOStatus                        0x080017ef   Thumb Code    12  stm32f4xx_dma.o(.text)
    DMA_GetFlagStatus                        0x080017fb   Thumb Code    56  stm32f4xx_dma.o(.text)
    DMA_ClearFlag                            0x08001833   Thumb Code    40  stm32f4xx_dma.o(.text)
    DMA_ITConfig                             0x0800185b   Thumb Code    58  stm32f4xx_dma.o(.text)
    DMA_GetITStatus                          0x08001895   Thumb Code    84  stm32f4xx_dma.o(.text)
    DMA_ClearITPendingBit                    0x080018e9   Thumb Code    40  stm32f4xx_dma.o(.text)
    TIM_DeInit                               0x08001931   Thumb Code   346  stm32f4xx_tim.o(.text)
    TIM_TimeBaseInit                         0x08001a8b   Thumb Code   104  stm32f4xx_tim.o(.text)
    TIM_TimeBaseStructInit                   0x08001af3   Thumb Code    18  stm32f4xx_tim.o(.text)
    TIM_PrescalerConfig                      0x08001b05   Thumb Code     6  stm32f4xx_tim.o(.text)
    TIM_CounterModeConfig                    0x08001b0b   Thumb Code    18  stm32f4xx_tim.o(.text)
    TIM_SetCounter                           0x08001b1d   Thumb Code     4  stm32f4xx_tim.o(.text)
    TIM_SetAutoreload                        0x08001b21   Thumb Code     4  stm32f4xx_tim.o(.text)
    TIM_GetCounter                           0x08001b25   Thumb Code     6  stm32f4xx_tim.o(.text)
    TIM_GetPrescaler                         0x08001b2b   Thumb Code     6  stm32f4xx_tim.o(.text)
    TIM_UpdateDisableConfig                  0x08001b31   Thumb Code    24  stm32f4xx_tim.o(.text)
    TIM_UpdateRequestConfig                  0x08001b49   Thumb Code    24  stm32f4xx_tim.o(.text)
    TIM_ARRPreloadConfig                     0x08001b61   Thumb Code    24  stm32f4xx_tim.o(.text)
    TIM_SelectOnePulseMode                   0x08001b79   Thumb Code    18  stm32f4xx_tim.o(.text)
    TIM_SetClockDivision                     0x08001b8b   Thumb Code    18  stm32f4xx_tim.o(.text)
    TIM_Cmd                                  0x08001b9d   Thumb Code    24  stm32f4xx_tim.o(.text)
    TIM_OC1Init                              0x08001bb5   Thumb Code   114  stm32f4xx_tim.o(.text)
    TIM_OC2Init                              0x08001c27   Thumb Code   154  stm32f4xx_tim.o(.text)
    TIM_OC3Init                              0x08001cc1   Thumb Code   204  stm32f4xx_tim.o(.text)
    TIM_OC4Init                              0x08001d8d   Thumb Code   112  stm32f4xx_tim.o(.text)
    TIM_OCStructInit                         0x08001dfd   Thumb Code    20  stm32f4xx_tim.o(.text)
    TIM_SelectOCxM                           0x08001e11   Thumb Code    86  stm32f4xx_tim.o(.text)
    TIM_SetCompare1                          0x08001e67   Thumb Code     4  stm32f4xx_tim.o(.text)
    TIM_SetCompare2                          0x08001e6b   Thumb Code     4  stm32f4xx_tim.o(.text)
    TIM_SetCompare3                          0x08001e6f   Thumb Code     4  stm32f4xx_tim.o(.text)
    TIM_SetCompare4                          0x08001e73   Thumb Code     4  stm32f4xx_tim.o(.text)
    TIM_ForcedOC1Config                      0x08001e77   Thumb Code    18  stm32f4xx_tim.o(.text)
    TIM_ForcedOC2Config                      0x08001e89   Thumb Code    26  stm32f4xx_tim.o(.text)
    TIM_ForcedOC3Config                      0x08001ea3   Thumb Code    18  stm32f4xx_tim.o(.text)
    TIM_ForcedOC4Config                      0x08001eb5   Thumb Code    26  stm32f4xx_tim.o(.text)
    TIM_OC1PreloadConfig                     0x08001ecf   Thumb Code    18  stm32f4xx_tim.o(.text)
    TIM_OC2PreloadConfig                     0x08001ee1   Thumb Code    26  stm32f4xx_tim.o(.text)
    TIM_OC3PreloadConfig                     0x08001efb   Thumb Code    18  stm32f4xx_tim.o(.text)
    TIM_OC4PreloadConfig                     0x08001f0d   Thumb Code    26  stm32f4xx_tim.o(.text)
    TIM_OC1FastConfig                        0x08001f27   Thumb Code    18  stm32f4xx_tim.o(.text)
    TIM_OC2FastConfig                        0x08001f39   Thumb Code    26  stm32f4xx_tim.o(.text)
    TIM_OC3FastConfig                        0x08001f53   Thumb Code    18  stm32f4xx_tim.o(.text)
    TIM_OC4FastConfig                        0x08001f65   Thumb Code    26  stm32f4xx_tim.o(.text)
    TIM_ClearOC1Ref                          0x08001f7f   Thumb Code    18  stm32f4xx_tim.o(.text)
    TIM_ClearOC2Ref                          0x08001f91   Thumb Code    24  stm32f4xx_tim.o(.text)
    TIM_ClearOC3Ref                          0x08001fa9   Thumb Code    18  stm32f4xx_tim.o(.text)
    TIM_ClearOC4Ref                          0x08001fbb   Thumb Code    24  stm32f4xx_tim.o(.text)
    TIM_OC1PolarityConfig                    0x08001fd3   Thumb Code    18  stm32f4xx_tim.o(.text)
    TIM_OC1NPolarityConfig                   0x08001fe5   Thumb Code    18  stm32f4xx_tim.o(.text)
    TIM_OC2PolarityConfig                    0x08001ff7   Thumb Code    26  stm32f4xx_tim.o(.text)
    TIM_OC2NPolarityConfig                   0x08002011   Thumb Code    26  stm32f4xx_tim.o(.text)
    TIM_OC3PolarityConfig                    0x0800202b   Thumb Code    26  stm32f4xx_tim.o(.text)
    TIM_OC3NPolarityConfig                   0x08002045   Thumb Code    26  stm32f4xx_tim.o(.text)
    TIM_OC4PolarityConfig                    0x0800205f   Thumb Code    26  stm32f4xx_tim.o(.text)
    TIM_CCxCmd                               0x08002079   Thumb Code    30  stm32f4xx_tim.o(.text)
    TIM_CCxNCmd                              0x08002097   Thumb Code    30  stm32f4xx_tim.o(.text)
    TIM_SetIC4Prescaler                      0x080020b5   Thumb Code    26  stm32f4xx_tim.o(.text)
    TIM_SetIC3Prescaler                      0x0800211f   Thumb Code    18  stm32f4xx_tim.o(.text)
    TIM_SetIC2Prescaler                      0x08002179   Thumb Code    26  stm32f4xx_tim.o(.text)
    TIM_SetIC1Prescaler                      0x080021ed   Thumb Code    18  stm32f4xx_tim.o(.text)
    TIM_ICInit                               0x08002239   Thumb Code   110  stm32f4xx_tim.o(.text)
    TIM_ICStructInit                         0x080022a7   Thumb Code    18  stm32f4xx_tim.o(.text)
    TIM_PWMIConfig                           0x080022b9   Thumb Code   124  stm32f4xx_tim.o(.text)
    TIM_GetCapture1                          0x08002335   Thumb Code     6  stm32f4xx_tim.o(.text)
    TIM_GetCapture2                          0x0800233b   Thumb Code     6  stm32f4xx_tim.o(.text)
    TIM_GetCapture3                          0x08002341   Thumb Code     6  stm32f4xx_tim.o(.text)
    TIM_GetCapture4                          0x08002347   Thumb Code     6  stm32f4xx_tim.o(.text)
    TIM_BDTRConfig                           0x0800234d   Thumb Code    32  stm32f4xx_tim.o(.text)
    TIM_BDTRStructInit                       0x0800236d   Thumb Code    18  stm32f4xx_tim.o(.text)
    TIM_CtrlPWMOutputs                       0x0800237f   Thumb Code    30  stm32f4xx_tim.o(.text)
    TIM_SelectCOM                            0x0800239d   Thumb Code    24  stm32f4xx_tim.o(.text)
    TIM_CCPreloadControl                     0x080023b5   Thumb Code    24  stm32f4xx_tim.o(.text)
    TIM_ITConfig                             0x080023cd   Thumb Code    18  stm32f4xx_tim.o(.text)
    TIM_GenerateEvent                        0x080023df   Thumb Code     4  stm32f4xx_tim.o(.text)
    TIM_GetFlagStatus                        0x080023e3   Thumb Code    18  stm32f4xx_tim.o(.text)
    TIM_ClearFlag                            0x080023f5   Thumb Code     6  stm32f4xx_tim.o(.text)
    TIM_GetITStatus                          0x080023fb   Thumb Code    34  stm32f4xx_tim.o(.text)
    TIM_ClearITPendingBit                    0x0800241d   Thumb Code     6  stm32f4xx_tim.o(.text)
    TIM_DMAConfig                            0x08002423   Thumb Code    10  stm32f4xx_tim.o(.text)
    TIM_DMACmd                               0x0800242d   Thumb Code    18  stm32f4xx_tim.o(.text)
    TIM_SelectCCDMA                          0x0800243f   Thumb Code    24  stm32f4xx_tim.o(.text)
    TIM_InternalClockConfig                  0x08002457   Thumb Code    12  stm32f4xx_tim.o(.text)
    TIM_SelectInputTrigger                   0x08002463   Thumb Code    18  stm32f4xx_tim.o(.text)
    TIM_ITRxExternalClockConfig              0x08002475   Thumb Code    24  stm32f4xx_tim.o(.text)
    TIM_TIxExternalClockConfig               0x0800248d   Thumb Code    62  stm32f4xx_tim.o(.text)
    TIM_ETRConfig                            0x080024cb   Thumb Code    28  stm32f4xx_tim.o(.text)
    TIM_ETRClockMode1Config                  0x080024e7   Thumb Code    54  stm32f4xx_tim.o(.text)
    TIM_ETRClockMode2Config                  0x0800251d   Thumb Code    32  stm32f4xx_tim.o(.text)
    TIM_SelectOutputTrigger                  0x0800253d   Thumb Code    18  stm32f4xx_tim.o(.text)
    TIM_SelectSlaveMode                      0x0800254f   Thumb Code    18  stm32f4xx_tim.o(.text)
    TIM_SelectMasterSlaveMode                0x08002561   Thumb Code    18  stm32f4xx_tim.o(.text)
    TIM_EncoderInterfaceConfig               0x08002573   Thumb Code    66  stm32f4xx_tim.o(.text)
    TIM_SelectHallSensor                     0x080025b5   Thumb Code    24  stm32f4xx_tim.o(.text)
    TIM_RemapConfig                          0x080025cd   Thumb Code     6  stm32f4xx_tim.o(.text)
    delay_init                               0x080025d5   Thumb Code    52  delay.o(.text)
    delay_us                                 0x08002609   Thumb Code    72  delay.o(.text)
    delay_xms                                0x08002651   Thumb Code    72  delay.o(.text)
    delay_ms                                 0x08002699   Thumb Code    56  delay.o(.text)
    RCC_DeInit                               0x080026d9   Thumb Code    82  stm32f4xx_rcc.o(.text)
    RCC_HSEConfig                            0x0800272b   Thumb Code    14  stm32f4xx_rcc.o(.text)
    RCC_GetFlagStatus                        0x08002739   Thumb Code    60  stm32f4xx_rcc.o(.text)
    RCC_WaitForHSEStartUp                    0x08002775   Thumb Code    56  stm32f4xx_rcc.o(.text)
    RCC_AdjustHSICalibrationValue            0x080027ad   Thumb Code    20  stm32f4xx_rcc.o(.text)
    RCC_HSICmd                               0x080027c1   Thumb Code     6  stm32f4xx_rcc.o(.text)
    RCC_LSEConfig                            0x080027c7   Thumb Code    46  stm32f4xx_rcc.o(.text)
    RCC_LSICmd                               0x080027f5   Thumb Code     6  stm32f4xx_rcc.o(.text)
    RCC_PLLConfig                            0x080027fb   Thumb Code    32  stm32f4xx_rcc.o(.text)
    RCC_PLLCmd                               0x0800281b   Thumb Code     6  stm32f4xx_rcc.o(.text)
    RCC_PLLI2SConfig                         0x08002821   Thumb Code    14  stm32f4xx_rcc.o(.text)
    RCC_PLLI2SCmd                            0x0800282f   Thumb Code     6  stm32f4xx_rcc.o(.text)
    RCC_PLLSAIConfig                         0x08002835   Thumb Code    20  stm32f4xx_rcc.o(.text)
    RCC_PLLSAICmd                            0x08002849   Thumb Code     6  stm32f4xx_rcc.o(.text)
    RCC_ClockSecuritySystemCmd               0x0800284f   Thumb Code     6  stm32f4xx_rcc.o(.text)
    RCC_MCO1Config                           0x08002855   Thumb Code    28  stm32f4xx_rcc.o(.text)
    RCC_MCO2Config                           0x08002871   Thumb Code    28  stm32f4xx_rcc.o(.text)
    RCC_SYSCLKConfig                         0x0800288d   Thumb Code    20  stm32f4xx_rcc.o(.text)
    RCC_GetSYSCLKSource                      0x080028a1   Thumb Code    12  stm32f4xx_rcc.o(.text)
    RCC_HCLKConfig                           0x080028ad   Thumb Code    20  stm32f4xx_rcc.o(.text)
    RCC_PCLK1Config                          0x080028c1   Thumb Code    20  stm32f4xx_rcc.o(.text)
    RCC_PCLK2Config                          0x080028d5   Thumb Code    22  stm32f4xx_rcc.o(.text)
    RCC_GetClocksFreq                        0x080028eb   Thumb Code   222  stm32f4xx_rcc.o(.text)
    RCC_RTCCLKConfig                         0x080029c9   Thumb Code    54  stm32f4xx_rcc.o(.text)
    RCC_RTCCLKCmd                            0x080029ff   Thumb Code     8  stm32f4xx_rcc.o(.text)
    RCC_BackupResetCmd                       0x08002a07   Thumb Code     8  stm32f4xx_rcc.o(.text)
    RCC_I2SCLKConfig                         0x08002a0f   Thumb Code     6  stm32f4xx_rcc.o(.text)
    RCC_SAIPLLI2SClkDivConfig                0x08002a15   Thumb Code    26  stm32f4xx_rcc.o(.text)
    RCC_SAIPLLSAIClkDivConfig                0x08002a2f   Thumb Code    28  stm32f4xx_rcc.o(.text)
    RCC_SAIBlockACLKConfig                   0x08002a4b   Thumb Code    20  stm32f4xx_rcc.o(.text)
    RCC_SAIBlockBCLKConfig                   0x08002a5f   Thumb Code    20  stm32f4xx_rcc.o(.text)
    RCC_LTDCCLKDivConfig                     0x08002a73   Thumb Code    20  stm32f4xx_rcc.o(.text)
    RCC_TIMCLKPresConfig                     0x08002a87   Thumb Code     6  stm32f4xx_rcc.o(.text)
    RCC_AHB1PeriphClockCmd                   0x08002a8d   Thumb Code    34  stm32f4xx_rcc.o(.text)
    RCC_AHB2PeriphClockCmd                   0x08002aaf   Thumb Code    78  stm32f4xx_rcc.o(.text)
    RCC_AHB3PeriphClockCmd                   0x08002afd   Thumb Code    34  stm32f4xx_rcc.o(.text)
    RCC_APB1PeriphClockCmd                   0x08002b1f   Thumb Code    34  stm32f4xx_rcc.o(.text)
    RCC_APB2PeriphClockCmd                   0x08002b41   Thumb Code    34  stm32f4xx_rcc.o(.text)
    RCC_AHB1PeriphResetCmd                   0x08002b63   Thumb Code    34  stm32f4xx_rcc.o(.text)
    RCC_AHB2PeriphResetCmd                   0x08002b85   Thumb Code    34  stm32f4xx_rcc.o(.text)
    RCC_AHB3PeriphResetCmd                   0x08002ba7   Thumb Code    34  stm32f4xx_rcc.o(.text)
    RCC_APB1PeriphResetCmd                   0x08002bc9   Thumb Code    34  stm32f4xx_rcc.o(.text)
    RCC_APB2PeriphResetCmd                   0x08002beb   Thumb Code    34  stm32f4xx_rcc.o(.text)
    RCC_AHB1PeriphClockLPModeCmd             0x08002c0d   Thumb Code    34  stm32f4xx_rcc.o(.text)
    RCC_AHB2PeriphClockLPModeCmd             0x08002c2f   Thumb Code    34  stm32f4xx_rcc.o(.text)
    RCC_AHB3PeriphClockLPModeCmd             0x08002c51   Thumb Code    34  stm32f4xx_rcc.o(.text)
    RCC_APB1PeriphClockLPModeCmd             0x08002c73   Thumb Code    34  stm32f4xx_rcc.o(.text)
    RCC_APB2PeriphClockLPModeCmd             0x08002c95   Thumb Code    34  stm32f4xx_rcc.o(.text)
    RCC_LSEModeConfig                        0x08002cb7   Thumb Code    40  stm32f4xx_rcc.o(.text)
    RCC_ITConfig                             0x08002cdf   Thumb Code    34  stm32f4xx_rcc.o(.text)
    RCC_ClearFlag                            0x08002d01   Thumb Code    18  stm32f4xx_rcc.o(.text)
    RCC_GetITStatus                          0x08002d13   Thumb Code    22  stm32f4xx_rcc.o(.text)
    RCC_ClearITPendingBit                    0x08002d29   Thumb Code     8  stm32f4xx_rcc.o(.text)
    _sys_exit                                0x08002d35   Thumb Code     4  usart.o(.text)
    fputc                                    0x08002d39   Thumb Code    22  usart.o(.text)
    uart_init                                0x08002d4f   Thumb Code   164  usart.o(.text)
    USART1_IRQHandler                        0x08002df3   Thumb Code   122  usart.o(.text)
    MYGPIO_Init                              0x08002e7d   Thumb Code    48  adc.o(.text)
    MYADC_Init                               0x08002ead   Thumb Code    98  adc.o(.text)
    MYDMA_ADC_Init                           0x08002f0f   Thumb Code   118  adc.o(.text)
    START                                    0x08002f85   Thumb Code    10  adc.o(.text)
    TIM5_IC_Init                             0x08002fa1   Thumb Code   182  timer.o(.text)
    TIM5_IRQHandler                          0x08003057   Thumb Code   174  timer.o(.text)
    TIM9_PWM_Init                            0x08003105   Thumb Code   156  timer.o(.text)
    TIM14_PWM_Init                           0x080031a1   Thumb Code   158  timer.o(.text)
    arm_cmplx_mag_f32                        0x08003285   Thumb Code   246  arm_cmplx_mag_f32.o(.text)
    arm_rfft_init_q15                        0x08003381   Thumb Code   164  arm_rfft_init_q15.o(.text)
    arm_split_rfft_q15                       0x0800344d   Thumb Code   170  arm_rfft_q15.o(.text)
    arm_split_rifft_q15                      0x080034f7   Thumb Code    88  arm_rfft_q15.o(.text)
    arm_rfft_q15                             0x0800354f   Thumb Code   376  arm_rfft_q15.o(.text)
    arm_rms_f32                              0x080036c9   Thumb Code   232  arm_rms_f32.o(.text)
    arm_cfft_radix4by2_q15                   0x080037b5   Thumb Code   172  arm_cfft_q15.o(.text)
    arm_cfft_radix4by2_inverse_q15           0x08003861   Thumb Code   172  arm_cfft_q15.o(.text)
    arm_cfft_q15                             0x0800390d   Thumb Code   496  arm_cfft_q15.o(.text)
    arm_radix4_butterfly_q15                 0x08003afd   Thumb Code   596  arm_cfft_radix4_q15.o(.text)
    arm_radix4_butterfly_inverse_q15         0x08003d51   Thumb Code   596  arm_cfft_radix4_q15.o(.text)
    arm_cfft_radix4_q15                      0x08003fa5   Thumb Code    54  arm_cfft_radix4_q15.o(.text)
    arm_bitreversal_f32                      0x08003fdb   Thumb Code   178  arm_bitreversal.o(.text)
    arm_bitreversal_q31                      0x0800408d   Thumb Code   170  arm_bitreversal.o(.text)
    arm_bitreversal_q15                      0x08004137   Thumb Code   122  arm_bitreversal.o(.text)
    __aeabi_dmul                             0x080041b1   Thumb Code   228  dmul.o(.text)
    __aeabi_ddiv                             0x08004295   Thumb Code   222  ddiv.o(.text)
    __aeabi_ui2d                             0x08004373   Thumb Code    26  dfltui.o(.text)
    __aeabi_f2d                              0x0800438d   Thumb Code    38  f2d.o(.text)
    __aeabi_cdrcmple                         0x080043b5   Thumb Code    48  cdrcmple.o(.text)
    __aeabi_d2f                              0x080043e5   Thumb Code    56  d2f.o(.text)
    __aeabi_uidiv                            0x0800441d   Thumb Code     0  uidiv.o(.text)
    __aeabi_uidivmod                         0x0800441d   Thumb Code    44  uidiv.o(.text)
    __aeabi_uldivmod                         0x08004449   Thumb Code    98  uldiv.o(.text)
    __I$use$fp                               0x080044ab   Thumb Code     0  iusefp.o(.text)
    _float_round                             0x080044ab   Thumb Code    18  fepilogue.o(.text)
    _float_epilogue                          0x080044bd   Thumb Code    92  fepilogue.o(.text)
    _double_round                            0x08004519   Thumb Code    30  depilogue.o(.text)
    _double_epilogue                         0x08004537   Thumb Code   156  depilogue.o(.text)
    __aeabi_dadd                             0x080045d3   Thumb Code   322  dadd.o(.text)
    __aeabi_dsub                             0x08004715   Thumb Code     6  dadd.o(.text)
    __aeabi_drsub                            0x0800471b   Thumb Code     6  dadd.o(.text)
    __aeabi_d2ulz                            0x08004721   Thumb Code    48  dfixul.o(.text)
    __scatterload                            0x08004751   Thumb Code    28  init.o(.text)
    __scatterload_rt2                        0x08004751   Thumb Code     0  init.o(.text)
    __aeabi_llsl                             0x08004775   Thumb Code    30  llshl.o(.text)
    _ll_shift_l                              0x08004775   Thumb Code     0  llshl.o(.text)
    __aeabi_llsr                             0x08004793   Thumb Code    32  llushr.o(.text)
    _ll_ushift_r                             0x08004793   Thumb Code     0  llushr.o(.text)
    __aeabi_lasr                             0x080047b3   Thumb Code    36  llsshr.o(.text)
    _ll_sshift_r                             0x080047b3   Thumb Code     0  llsshr.o(.text)
    __0printf                                0x080047d9   Thumb Code    22  printfa.o(i.__0printf)
    __1printf                                0x080047d9   Thumb Code     0  printfa.o(i.__0printf)
    __2printf                                0x080047d9   Thumb Code     0  printfa.o(i.__0printf)
    __c89printf                              0x080047d9   Thumb Code     0  printfa.o(i.__0printf)
    printf                                   0x080047d9   Thumb Code     0  printfa.o(i.__0printf)
    __scatterload_copy                       0x080047f9   Thumb Code    14  handlers.o(i.__scatterload_copy)
    __scatterload_null                       0x08004807   Thumb Code     2  handlers.o(i.__scatterload_null)
    __scatterload_zeroinit                   0x08004809   Thumb Code    14  handlers.o(i.__scatterload_zeroinit)
    realCoefAQ15                             0x080050ca   Data       16384  arm_rfft_init_q15.o(.constdata)
    realCoefBQ15                             0x080090ca   Data       16384  arm_rfft_init_q15.o(.constdata)
    arm_cfft_sR_q15_len16                    0x0800d0cc   Data          16  arm_const_structs.o(.constdata)
    arm_cfft_sR_q15_len32                    0x0800d0dc   Data          16  arm_const_structs.o(.constdata)
    arm_cfft_sR_q15_len64                    0x0800d0ec   Data          16  arm_const_structs.o(.constdata)
    arm_cfft_sR_q15_len128                   0x0800d0fc   Data          16  arm_const_structs.o(.constdata)
    arm_cfft_sR_q15_len256                   0x0800d10c   Data          16  arm_const_structs.o(.constdata)
    arm_cfft_sR_q15_len512                   0x0800d11c   Data          16  arm_const_structs.o(.constdata)
    arm_cfft_sR_q15_len1024                  0x0800d12c   Data          16  arm_const_structs.o(.constdata)
    arm_cfft_sR_q15_len2048                  0x0800d13c   Data          16  arm_const_structs.o(.constdata)
    arm_cfft_sR_q15_len4096                  0x0800d14c   Data          16  arm_const_structs.o(.constdata)
    twiddleCoef_16_q15                       0x0800d15c   Data          48  arm_common_tables.o(.constdata)
    twiddleCoef_32_q15                       0x0800d18c   Data          96  arm_common_tables.o(.constdata)
    twiddleCoef_64_q15                       0x0800d1ec   Data         192  arm_common_tables.o(.constdata)
    twiddleCoef_128_q15                      0x0800d2ac   Data         384  arm_common_tables.o(.constdata)
    twiddleCoef_256_q15                      0x0800d42c   Data         768  arm_common_tables.o(.constdata)
    twiddleCoef_512_q15                      0x0800d72c   Data        1536  arm_common_tables.o(.constdata)
    twiddleCoef_1024_q15                     0x0800dd2c   Data        3072  arm_common_tables.o(.constdata)
    twiddleCoef_2048_q15                     0x0800e92c   Data        6144  arm_common_tables.o(.constdata)
    twiddleCoef_4096_q15                     0x0801012c   Data       12288  arm_common_tables.o(.constdata)
    armBitRevIndexTable_fixed_16             0x0801312c   Data          24  arm_common_tables.o(.constdata)
    armBitRevIndexTable_fixed_32             0x08013144   Data          48  arm_common_tables.o(.constdata)
    armBitRevIndexTable_fixed_64             0x08013174   Data         112  arm_common_tables.o(.constdata)
    armBitRevIndexTable_fixed_128            0x080131e4   Data         224  arm_common_tables.o(.constdata)
    armBitRevIndexTable_fixed_256            0x080132c4   Data         480  arm_common_tables.o(.constdata)
    armBitRevIndexTable_fixed_512            0x080134a4   Data         960  arm_common_tables.o(.constdata)
    armBitRevIndexTable_fixed_1024           0x08013864   Data        1984  arm_common_tables.o(.constdata)
    armBitRevIndexTable_fixed_2048           0x08014024   Data        3968  arm_common_tables.o(.constdata)
    armBitRevIndexTable_fixed_4096           0x08014fa4   Data        8064  arm_common_tables.o(.constdata)
    Region$$Table$$Base                      0x08016f24   Number         0  anon$$obj.o(Region$$Table)
    Region$$Table$$Limit                     0x08016f44   Number         0  anon$$obj.o(Region$$Table)
    fre_sampling                             0x20000000   Data           4  main.o(.data)
    value1                                   0x20000004   Data           4  main.o(.data)
    value2                                   0x20000008   Data           4  main.o(.data)
    ave                                      0x2000000c   Data           4  main.o(.data)
    p1                                       0x20000010   Data           4  main.o(.data)
    p2                                       0x20000014   Data           4  main.o(.data)
    index_position                           0x20000018   Data           4  main.o(.data)
    cnt                                      0x2000001c   Data           4  main.o(.data)
    signal                                   0x20000020   Data           1  main.o(.data)
    index_arr                                0x20000024   Data           4  main.o(.data)
    index_arr_static                         0x20000028   Data           4  main.o(.data)
    MAX                                      0x2000002c   Data           4  main.o(.data)
    SystemCoreClock                          0x20000030   Data           4  system_stm32f4xx.o(.data)
    AHBPrescTable                            0x20000034   Data          16  system_stm32f4xx.o(.data)
    __stdout                                 0x20000058   Data           4  usart.o(.data)
    USART_RX_STA                             0x2000005c   Data           2  usart.o(.data)
    flag_1                                   0x20000060   Data           1  timer.o(.data)
    flag_2                                   0x20000061   Data           1  timer.o(.data)
    value_1                                  0x20000064   Data           4  timer.o(.data)
    value_2                                  0x20000068   Data           4  timer.o(.data)
    value_3                                  0x2000006c   Data           4  timer.o(.data)
    CNT_TIM                                  0x20000070   Data           4  timer.o(.data)
    fre_ic                                   0x20000074   Data           4  timer.o(.data)
    datapool_adc1                            0x20000078   Data        2048  main.o(.bss)
    adc1_output                              0x20000878   Data        4096  main.o(.bss)
    adc1_outcome_q15                         0x20001878   Data        2048  main.o(.bss)
    adc1_outcome_f32                         0x20002078   Data        4096  main.o(.bss)
    adc1_voltage_f32                         0x20003078   Data        4096  main.o(.bss)
    adc_output_f32                           0x20004078   Data        8192  main.o(.bss)
    adc1_voltage_f32_over                    0x20006078   Data        6000  main.o(.bss)
    adc1_voltage_f32_below                   0x200077e8   Data        6000  main.o(.bss)
    USART_RX_BUF                             0x20008f58   Data         200  usart.o(.bss)
    datapool_adc                             0x20009020   Data        2048  adc.o(.bss)
    __initial_sp                             0x20009c20   Data           0  startup_stm32f40_41xxx.o(STACK)



==============================================================================

Memory Map of the image

  Image Entry point : 0x08000249

  Load Region LR_IROM1 (Base: 0x08000000, Size: 0x00016fbc, Max: 0x00100000, ABSOLUTE)

    Execution Region ER_IROM1 (Base: 0x08000000, Size: 0x00016f44, Max: 0x00100000, ABSOLUTE)

    Base Addr    Size         Type   Attr      Idx    E Section Name        Object

    0x08000000   0x00000188   Data   RO          229    RESET               startup_stm32f40_41xxx.o
    0x08000188   0x000000c0   Code   RO          882    . text              arm_cortexM4lf_math.lib(arm_bitreversal2.o)
    0x08000248   0x00000000   Code   RO          992  * .ARM.Collect$$$$00000000  mc_w.l(entry.o)
    0x08000248   0x00000004   Code   RO         1268    .ARM.Collect$$$$00000001  mc_w.l(entry2.o)
    0x0800024c   0x00000004   Code   RO         1271    .ARM.Collect$$$$00000004  mc_w.l(entry5.o)
    0x08000250   0x00000000   Code   RO         1273    .ARM.Collect$$$$00000008  mc_w.l(entry7b.o)
    0x08000250   0x00000000   Code   RO         1275    .ARM.Collect$$$$0000000A  mc_w.l(entry8b.o)
    0x08000250   0x00000008   Code   RO         1276    .ARM.Collect$$$$0000000B  mc_w.l(entry9a.o)
    0x08000258   0x00000000   Code   RO         1278    .ARM.Collect$$$$0000000D  mc_w.l(entry10a.o)
    0x08000258   0x00000000   Code   RO         1280    .ARM.Collect$$$$0000000F  mc_w.l(entry11a.o)
    0x08000258   0x00000004   Code   RO         1269    .ARM.Collect$$$$00002712  mc_w.l(entry2.o)
    0x0800025c   0x000004b0   Code   RO            4    .text               main.o
    0x0800070c   0x0000001a   Code   RO          173    .text               stm32f4xx_it.o
    0x08000726   0x00000002   PAD
    0x08000728   0x00000210   Code   RO          200    .text               system_stm32f4xx.o
    0x08000938   0x00000024   Code   RO          230    .text               startup_stm32f40_41xxx.o
    0x0800095c   0x000000e0   Code   RO          237    .text               misc.o
    0x08000a3c   0x00000294   Code   RO          287    .text               stm32f4xx_gpio.o
    0x08000cd0   0x00000454   Code   RO          311    .text               stm32f4xx_usart.o
    0x08001124   0x00000464   Code   RO          335    .text               stm32f4xx_adc.o
    0x08001588   0x000003a8   Code   RO          359    .text               stm32f4xx_dma.o
    0x08001930   0x00000ca2   Code   RO          407    .text               stm32f4xx_tim.o
    0x080025d2   0x00000002   PAD
    0x080025d4   0x00000104   Code   RO          431    .text               delay.o
    0x080026d8   0x0000065c   Code   RO          457    .text               stm32f4xx_rcc.o
    0x08002d34   0x00000148   Code   RO          505    .text               usart.o
    0x08002e7c   0x00000124   Code   RO          540    .text               adc.o
    0x08002fa0   0x000002e4   Code   RO          568    .text               timer.o
    0x08003284   0x000000fc   Code   RO          599    .text               arm_cortexM4lf_math.lib(arm_cmplx_mag_f32.o)
    0x08003380   0x000000cc   Code   RO          645    .text               arm_cortexM4lf_math.lib(arm_rfft_init_q15.o)
    0x0800344c   0x0000027a   Code   RO          683    .text               arm_cortexM4lf_math.lib(arm_rfft_q15.o)
    0x080036c6   0x00000002   PAD
    0x080036c8   0x000000ec   Code   RO          708    .text               arm_cortexM4lf_math.lib(arm_rms_f32.o)
    0x080037b4   0x00000348   Code   RO          732    .text               arm_cortexM4lf_math.lib(arm_cfft_q15.o)
    0x08003afc   0x000004de   Code   RO          834    .text               arm_cortexM4lf_math.lib(arm_cfft_radix4_q15.o)
    0x08003fda   0x000001d6   Code   RO          971    .text               arm_cortexM4lf_math.lib(arm_bitreversal.o)
    0x080041b0   0x000000e4   Code   RO         1256    .text               mf_w.l(dmul.o)
    0x08004294   0x000000de   Code   RO         1258    .text               mf_w.l(ddiv.o)
    0x08004372   0x0000001a   Code   RO         1260    .text               mf_w.l(dfltui.o)
    0x0800438c   0x00000026   Code   RO         1262    .text               mf_w.l(f2d.o)
    0x080043b2   0x00000002   PAD
    0x080043b4   0x00000030   Code   RO         1264    .text               mf_w.l(cdrcmple.o)
    0x080043e4   0x00000038   Code   RO         1266    .text               mf_w.l(d2f.o)
    0x0800441c   0x0000002c   Code   RO         1282    .text               mc_w.l(uidiv.o)
    0x08004448   0x00000062   Code   RO         1284    .text               mc_w.l(uldiv.o)
    0x080044aa   0x00000000   Code   RO         1286    .text               mc_w.l(iusefp.o)
    0x080044aa   0x0000006e   Code   RO         1287    .text               mf_w.l(fepilogue.o)
    0x08004518   0x000000ba   Code   RO         1289    .text               mf_w.l(depilogue.o)
    0x080045d2   0x0000014e   Code   RO         1291    .text               mf_w.l(dadd.o)
    0x08004720   0x00000030   Code   RO         1293    .text               mf_w.l(dfixul.o)
    0x08004750   0x00000024   Code   RO         1295    .text               mc_w.l(init.o)
    0x08004774   0x0000001e   Code   RO         1297    .text               mc_w.l(llshl.o)
    0x08004792   0x00000020   Code   RO         1299    .text               mc_w.l(llushr.o)
    0x080047b2   0x00000024   Code   RO         1301    .text               mc_w.l(llsshr.o)
    0x080047d6   0x00000002   PAD
    0x080047d8   0x00000020   Code   RO         1228    i.__0printf         mc_w.l(printfa.o)
    0x080047f8   0x0000000e   Code   RO         1305    i.__scatterload_copy  mc_w.l(handlers.o)
    0x08004806   0x00000002   Code   RO         1306    i.__scatterload_null  mc_w.l(handlers.o)
    0x08004808   0x0000000e   Code   RO         1307    i.__scatterload_zeroinit  mc_w.l(handlers.o)
    0x08004816   0x00000002   PAD
    0x08004818   0x00000184   Code   RO         1235    i._fp_digits        mc_w.l(printfa.o)
    0x0800499c   0x000006dc   Code   RO         1236    i._printf_core      mc_w.l(printfa.o)
    0x08005078   0x00000024   Code   RO         1237    i._printf_post_padding  mc_w.l(printfa.o)
    0x0800509c   0x0000002e   Code   RO         1238    i._printf_pre_padding  mc_w.l(printfa.o)
    0x080050ca   0x00008000   Data   RO          646    .constdata          arm_cortexM4lf_math.lib(arm_rfft_init_q15.o)
    0x0800d0ca   0x00000002   PAD
    0x0800d0cc   0x00000010   Data   RO          775    .constdata          arm_cortexM4lf_math.lib(arm_const_structs.o)
    0x0800d0dc   0x00000010   Data   RO          776    .constdata          arm_cortexM4lf_math.lib(arm_const_structs.o)
    0x0800d0ec   0x00000010   Data   RO          777    .constdata          arm_cortexM4lf_math.lib(arm_const_structs.o)
    0x0800d0fc   0x00000010   Data   RO          778    .constdata          arm_cortexM4lf_math.lib(arm_const_structs.o)
    0x0800d10c   0x00000010   Data   RO          779    .constdata          arm_cortexM4lf_math.lib(arm_const_structs.o)
    0x0800d11c   0x00000010   Data   RO          780    .constdata          arm_cortexM4lf_math.lib(arm_const_structs.o)
    0x0800d12c   0x00000010   Data   RO          781    .constdata          arm_cortexM4lf_math.lib(arm_const_structs.o)
    0x0800d13c   0x00000010   Data   RO          782    .constdata          arm_cortexM4lf_math.lib(arm_const_structs.o)
    0x0800d14c   0x00000010   Data   RO          783    .constdata          arm_cortexM4lf_math.lib(arm_const_structs.o)
    0x0800d15c   0x00000030   Data   RO          908    .constdata          arm_cortexM4lf_math.lib(arm_common_tables.o)
    0x0800d18c   0x00000060   Data   RO          909    .constdata          arm_cortexM4lf_math.lib(arm_common_tables.o)
    0x0800d1ec   0x000000c0   Data   RO          910    .constdata          arm_cortexM4lf_math.lib(arm_common_tables.o)
    0x0800d2ac   0x00000180   Data   RO          911    .constdata          arm_cortexM4lf_math.lib(arm_common_tables.o)
    0x0800d42c   0x00000300   Data   RO          912    .constdata          arm_cortexM4lf_math.lib(arm_common_tables.o)
    0x0800d72c   0x00000600   Data   RO          913    .constdata          arm_cortexM4lf_math.lib(arm_common_tables.o)
    0x0800dd2c   0x00000c00   Data   RO          914    .constdata          arm_cortexM4lf_math.lib(arm_common_tables.o)
    0x0800e92c   0x00001800   Data   RO          915    .constdata          arm_cortexM4lf_math.lib(arm_common_tables.o)
    0x0801012c   0x00003000   Data   RO          916    .constdata          arm_cortexM4lf_math.lib(arm_common_tables.o)
    0x0801312c   0x00000018   Data   RO          928    .constdata          arm_cortexM4lf_math.lib(arm_common_tables.o)
    0x08013144   0x00000030   Data   RO          929    .constdata          arm_cortexM4lf_math.lib(arm_common_tables.o)
    0x08013174   0x00000070   Data   RO          930    .constdata          arm_cortexM4lf_math.lib(arm_common_tables.o)
    0x080131e4   0x000000e0   Data   RO          931    .constdata          arm_cortexM4lf_math.lib(arm_common_tables.o)
    0x080132c4   0x000001e0   Data   RO          932    .constdata          arm_cortexM4lf_math.lib(arm_common_tables.o)
    0x080134a4   0x000003c0   Data   RO          933    .constdata          arm_cortexM4lf_math.lib(arm_common_tables.o)
    0x08013864   0x000007c0   Data   RO          934    .constdata          arm_cortexM4lf_math.lib(arm_common_tables.o)
    0x08014024   0x00000f80   Data   RO          935    .constdata          arm_cortexM4lf_math.lib(arm_common_tables.o)
    0x08014fa4   0x00001f80   Data   RO          936    .constdata          arm_cortexM4lf_math.lib(arm_common_tables.o)
    0x08016f24   0x00000020   Data   RO         1303    Region$$Table       anon$$obj.o


    Execution Region RW_IRAM1 (Base: 0x20000000, Size: 0x00009c20, Max: 0x00020000, ABSOLUTE)

    Base Addr    Size         Type   Attr      Idx    E Section Name        Object

    0x20000000   0x00000030   Data   RW            6    .data               main.o
    0x20000030   0x00000014   Data   RW          201    .data               system_stm32f4xx.o
    0x20000044   0x00000004   Data   RW          432    .data               delay.o
    0x20000048   0x00000010   Data   RW          458    .data               stm32f4xx_rcc.o
    0x20000058   0x00000006   Data   RW          507    .data               usart.o
    0x2000005e   0x00000002   PAD
    0x20000060   0x00000018   Data   RW          569    .data               timer.o
    0x20000078   0x00008ee0   Zero   RW            5    .bss                main.o
    0x20008f58   0x000000c8   Zero   RW          506    .bss                usart.o
    0x20009020   0x00000800   Zero   RW          541    .bss                adc.o
    0x20009820   0x00000400   Zero   RW          227    STACK               startup_stm32f40_41xxx.o


==============================================================================

Image component sizes


      Code (inc. data)   RO Data    RW Data    ZI Data      Debug   Object Name

       292         18          0          0       2048       1751   adc.o
       260          8          0          4          0       1469   delay.o
      1200        184          0         48      36576     308963   main.o
       224         20          0          0          0     244769   misc.o
        36          8        392          0       1024        820   startup_stm32f40_41xxx.o
      1124         24          0          0          0      10678   stm32f4xx_adc.o
       936         32          0          0          0       6381   stm32f4xx_dma.o
       660         44          0          0          0       4149   stm32f4xx_gpio.o
        26          0          0          0          0       1218   stm32f4xx_it.o
      1628         52          0         16          0      13020   stm32f4xx_rcc.o
      3234         60          0          0          0      23004   stm32f4xx_tim.o
      1108         34          0          0          0       7872   stm32f4xx_usart.o
       528         46          0         20          0       1763   system_stm32f4xx.o
       740         70          0         24          0       2231   timer.o
       328         16          0          6        200       3286   usart.o

    ----------------------------------------------------------------------
     12328        616        424        120      39848     631374   Object Totals
         0          0         32          0          0          0   (incl. Generated)
         4          0          0          2          0          0   (incl. Padding)

    ----------------------------------------------------------------------

      Code (inc. data)   RO Data    RW Data    ZI Data      Debug   Library Member Name

       470          0          0          0          0       3046   arm_bitreversal.o
       192          0          0          0          0        572   arm_bitreversal2.o
       840          0          0          0          0       4499   arm_cfft_q15.o
      1246          0          0          0          0       3872   arm_cfft_radix4_q15.o
       252          6          0          0          0      17652   arm_cmplx_mag_f32.o
         0          0      40392          0          0       4704   arm_common_tables.o
         0          0        144          0          0       4212   arm_const_structs.o
       204         40      32768          0          0      15020   arm_rfft_init_q15.o
       634          0          0          0          0       3756   arm_rfft_q15.o
       236          4          0          0          0       1266   arm_rms_f32.o
         0          0          0          0          0          0   entry.o
         0          0          0          0          0          0   entry10a.o
         0          0          0          0          0          0   entry11a.o
         8          4          0          0          0          0   entry2.o
         4          0          0          0          0          0   entry5.o
         0          0          0          0          0          0   entry7b.o
         0          0          0          0          0          0   entry8b.o
         8          4          0          0          0          0   entry9a.o
        30          0          0          0          0          0   handlers.o
        36          8          0          0          0         68   init.o
         0          0          0          0          0          0   iusefp.o
        30          0          0          0          0         68   llshl.o
        36          0          0          0          0         68   llsshr.o
        32          0          0          0          0         68   llushr.o
      2258         90          0          0          0        452   printfa.o
        44          0          0          0          0         80   uidiv.o
        98          0          0          0          0         92   uldiv.o
        48          0          0          0          0         68   cdrcmple.o
        56          0          0          0          0         88   d2f.o
       334          0          0          0          0        148   dadd.o
       222          0          0          0          0        100   ddiv.o
       186          0          0          0          0        176   depilogue.o
        48          0          0          0          0         68   dfixul.o
        26          0          0          0          0         76   dfltui.o
       228          0          0          0          0         96   dmul.o
        38          0          0          0          0         68   f2d.o
       110          0          0          0          0        168   fepilogue.o

    ----------------------------------------------------------------------
      7962        156      73306          0          0      60551   Library Totals
         8          0          2          0          0          0   (incl. Padding)

    ----------------------------------------------------------------------

      Code (inc. data)   RO Data    RW Data    ZI Data      Debug   Library Name

      4074         50      73304          0          0      58599   arm_cortexM4lf_math.lib
      2584        106          0          0          0        896   mc_w.l
      1296          0          0          0          0       1056   mf_w.l

    ----------------------------------------------------------------------
      7962        156      73306          0          0      60551   Library Totals

    ----------------------------------------------------------------------

==============================================================================


      Code (inc. data)   RO Data    RW Data    ZI Data      Debug   

     20290        772      73730        120      39848     687193   Grand Totals
     20290        772      73730        120      39848     687193   ELF Image Totals
     20290        772      73730        120          0          0   ROM Totals

==============================================================================

    Total RO  Size (Code + RO Data)                94020 (  91.82kB)
    Total RW  Size (RW Data + ZI Data)             39968 (  39.03kB)
    Total ROM Size (Code + RO Data + RW Data)      94140 (  91.93kB)

==============================================================================

